Archive member included to satisfy reference by file (symbol)

.//libraries/arduino_due/libsam_sam3x8e_gcc_rel.a(pio.o)
                              /home/spy/Source/OS/OS/build/core/variant.cpp.o (PIO_Configure)
.//libraries/arduino_due/libsam_sam3x8e_gcc_rel.a(pmc.o)
                              /home/spy/Source/OS/OS/build/core/variant.cpp.o (pmc_enable_periph_clk)
.//libraries/arduino_due/libsam_sam3x8e_gcc_rel.a(system_sam3xa.o)
                              /home/spy/Source/OS/OS/build/core/variant.cpp.o (SystemInit)
.//libraries/arduino_due/libsam_sam3x8e_gcc_rel.a(startup_sam3xa.o)
                              (Reset_Handler)
.//libraries/arduino_due/libsam_sam3x8e_gcc_rel.a(adc.o)
                              /home/spy/Source/OS/OS/build/core/variant.cpp.o (adc_init)
.//libraries/arduino_due/libsam_sam3x8e_gcc_rel.a(uotghs.o)
                              .//libraries/arduino_due/libsam_sam3x8e_gcc_rel.a(startup_sam3xa.o) (UOTGHS_Handler)
/home/spy/Source/OS/OS/build/core.a(wiring_analog.c.o)
                              /home/spy/Source/OS/OS/build/core/variant.cpp.o (analogOutputInit)
/home/spy/Source/OS/OS/build/core.a(cortex_handlers.c.o)
                              .//libraries/arduino_due/libsam_sam3x8e_gcc_rel.a(startup_sam3xa.o) (CAN1_Handler)
/home/spy/Source/OS/OS/build/core.a(hooks.c.o)
                              /home/spy/Source/OS/OS/build/core.a(cortex_handlers.c.o) (sysTickHook)
/home/spy/Source/OS/OS/build/core.a(syscalls_sam3.c.o)
                              (_sbrk)
/home/spy/Source/OS/OS/build/core.a(wiring_digital.c.o)
                              /home/spy/Source/OS/OS/build/core.a(wiring_analog.c.o) (pinMode)
/home/spy/Source/OS/OS/build/core.a(USARTClass.cpp.o)
                              /home/spy/Source/OS/OS/build/core/variant.cpp.o (USARTClass::USARTClass(Usart*, IRQn, unsigned long, RingBuffer*, RingBuffer*))
/home/spy/Source/OS/OS/build/core.a(UARTClass.cpp.o)
                              /home/spy/Source/OS/OS/build/core/variant.cpp.o (UARTClass::available())
/home/spy/Source/OS/OS/build/core.a(main.cpp.o)
                              /home/spy/Source/OS/OS/gcc-arm-none-eabi-6-2017-q2-update/bin/../lib/gcc/arm-none-eabi/6.3.1/../../../../arm-none-eabi/lib/thumb/v7-m/crt0.o (main)
/home/spy/Source/OS/OS/build/core.a(watchdog.cpp.o)
                              /home/spy/Source/OS/OS/build/core.a(main.cpp.o) (watchdogSetup())
/home/spy/Source/OS/OS/build/core.a(RingBuffer.cpp.o)
                              /home/spy/Source/OS/OS/build/core/variant.cpp.o (RingBuffer::RingBuffer())
/home/spy/Source/OS/OS/build/core.a(Reset.cpp.o)
                              /home/spy/Source/OS/OS/build/core.a(cortex_handlers.c.o) (tickReset)
/home/spy/Source/OS/OS/build/core.a(AIDrone.cpp.o)
                              /home/spy/Source/OS/OS/build/core.a(main.cpp.o) (Drone::Drone())
/home/spy/Source/OS/OS/build/core.a(Adafruit_L3GD20.cpp.o)
                              /home/spy/Source/OS/OS/build/core.a(AIDrone.cpp.o) (Adafruit_L3GD20::Adafruit_L3GD20())
/home/spy/Source/OS/OS/build/core.a(PID_v1.cpp.o)
                              /home/spy/Source/OS/OS/build/core.a(AIDrone.cpp.o) (PID::Reset())
/home/spy/Source/OS/OS/build/core.a(Kalman.cpp.o)
                              /home/spy/Source/OS/OS/build/core.a(main.cpp.o) (Kalman::Kalman())
/home/spy/Source/OS/OS/build/core.a(LSM303.cpp.o)
                              /home/spy/Source/OS/OS/build/core.a(AIDrone.cpp.o) (LSM303::LSM303())
/home/spy/Source/OS/OS/build/core.a(Receiver.cpp.o)
                              /home/spy/Source/OS/OS/build/core.a(AIDrone.cpp.o) (Receiver::start(unsigned long))
/home/spy/Source/OS/OS/build/core.a(Servo.cpp.o)
                              /home/spy/Source/OS/OS/build/core.a(AIDrone.cpp.o) (Servo::Servo())
/home/spy/Source/OS/OS/build/core.a(Wire.cpp.o)
                              /home/spy/Source/OS/OS/build/core.a(Adafruit_L3GD20.cpp.o) (TwoWire::available())
/home/spy/Source/OS/OS/build/core.a(UnitTest.cpp.o)
                              /home/spy/Source/OS/OS/build/core.a(main.cpp.o) (UnitTest::start())
/home/spy/Source/OS/OS/build/core.a(Adafruit_ST7735.cpp.o)
                              /home/spy/Source/OS/OS/build/core.a(main.cpp.o) (Adafruit_ST7735::Adafruit_ST7735(signed char, signed char, signed char))
/home/spy/Source/OS/OS/build/core.a(Adafruit_GFX.cpp.o)
                              /home/spy/Source/OS/OS/build/core.a(Adafruit_ST7735.cpp.o) (Adafruit_GFX::writeLine(short, short, short, short, unsigned short))
/home/spy/Source/OS/OS/build/core.a(Adafruit_ST77xx.cpp.o)
                              /home/spy/Source/OS/OS/build/core.a(Adafruit_ST7735.cpp.o) (Adafruit_ST77xx::begin(unsigned long))
/home/spy/Source/OS/OS/build/core.a(Adafruit_SPITFT.cpp.o)
[...]
Memory Configuration

Name             Origin             Length             Attributes
rom              0x0000000000080000 0x0000000000080000 xr
sram0            0x0000000020000000 0x0000000000010000 xrw
sram1            0x0000000020080000 0x0000000000008000 xrw
ram              0x0000000020070000 0x0000000000018000 xrw
*default*        0x0000000000000000 0xffffffffffffffff

Linker script and memory map

LOAD /home/spy/Source/OS/OS/gcc-arm-none-eabi-6-2017-q2-update/bin/../lib/gcc/arm-none-eabi/6.3.1/thumb/v7-m/crti.o
LOAD /home/spy/Source/OS/OS/gcc-arm-none-eabi-6-2017-q2-update/bin/../lib/gcc/arm-none-eabi/6.3.1/thumb/v7-m/crtbegin.o
LOAD /home/spy/Source/OS/OS/gcc-arm-none-eabi-6-2017-q2-update/bin/../lib/gcc/arm-none-eabi/6.3.1/../../../../arm-none-eabi/lib/thumb/v7-m/crt0.o
START GROUP
LOAD /home/spy/Source/OS/OS/build/core/variant.cpp.o
LOAD .//libraries/arduino_due/libsam_sam3x8e_gcc_rel.a
LOAD /home/spy/Source/OS/OS/build/core.a
END GROUP
LOAD /home/spy/Source/OS/OS/gcc-arm-none-eabi-6-2017-q2-update/bin/../lib/gcc/arm-none-eabi/6.3.1/../../../../arm-none-eabi/lib/thumb/v7-m/libm.a
START GROUP
LOAD /home/spy/Source/OS/OS/gcc-arm-none-eabi-6-2017-q2-update/bin/../lib/gcc/arm-none-eabi/6.3.1/thumb/v7-m/libgcc.a
LOAD /home/spy/Source/OS/OS/gcc-arm-none-eabi-6-2017-q2-update/bin/../lib/gcc/arm-none-eabi/6.3.1/../../../../arm-none-eabi/lib/thumb/v7-m/libg.a
LOAD /home/spy/Source/OS/OS/gcc-arm-none-eabi-6-2017-q2-update/bin/../lib/gcc/arm-none-eabi/6.3.1/../../../../arm-none-eabi/lib/thumb/v7-m/libc.a
END GROUP
LOAD /home/spy/Source/OS/OS/gcc-arm-none-eabi-6-2017-q2-update/bin/../lib/gcc/arm-none-eabi/6.3.1/thumb/v7-m/crtend.o
LOAD /home/spy/Source/OS/OS/gcc-arm-none-eabi-6-2017-q2-update/bin/../lib/gcc/arm-none-eabi/6.3.1/thumb/v7-m/crtn.o

.text           0x0000000000080000     0x9770
                0x0000000000080000                . = ALIGN (0x4)
                0x0000000000080000                _sfixed = .
 *(.vectors .vectors.*)
 .vectors       0x0000000000080000       0xf4 .//libraries/arduino_due/libsam_sam3x8e_gcc_rel.a(startup_sam3xa.o)
                0x0000000000080000                exception_table
 *(.text .text.* .gnu.linkonce.t.*)
 .text          0x00000000000800f4       0x6c /home/spy/Source/OS/OS/gcc-arm-none-eabi-6-2017-q2-update/bin/../lib/gcc/arm-none-eabi/6.3.1/thumb/v7-m/crtbegin.o
 .text.UART_Handler
                0x0000000000080160        0xc /home/spy/Source/OS/OS/build/core/variant.cpp.o
                0x0000000000080160                UART_Handler
 .text.USART0_Handler
                0x000000000008016c        0xc /home/spy/Source/OS/OS/build/core/variant.cpp.o
                0x000000000008016c                USART0_Handler
 .text.USART1_Handler
                0x0000000000080178        0xc /home/spy/Source/OS/OS/build/core/variant.cpp.o
                0x0000000000080178                USART1_Handler
 .text.USART3_Handler
                0x0000000000080184        0xc /home/spy/Source/OS/OS/build/core/variant.cpp.o
                0x0000000000080184                USART3_Handler
 .text.init     0x0000000000080190      0x124 /home/spy/Source/OS/OS/build/core/variant.cpp.o
                0x0000000000080190                init
 .text.startup._GLOBAL__sub_I_g_APinDescription
                0x00000000000802b4       0xd0 /home/spy/Source/OS/OS/build/core/variant.cpp.o
 .text.PIO_PullUp
                0x0000000000080384        0xa .//libraries/arduino_due/libsam_sam3x8e_gcc_rel.a(pio.o)
                0x0000000000080384                PIO_PullUp
 .text.PIO_SetPeripheral
                0x000000000008038e       0x26 .//libraries/arduino_due/libsam_sam3x8e_gcc_rel.a(pio.o)
                0x000000000008038e                PIO_SetPeripheral
 .text.PIO_SetInput
                0x00000000000803b4       0x26 .//libraries/arduino_due/libsam_sam3x8e_gcc_rel.a(pio.o)
                0x00000000000803b4                PIO_SetInput
 .text.PIO_SetOutput
                0x00000000000803da       0x24 .//libraries/arduino_due/libsam_sam3x8e_gcc_rel.a(pio.o)
                0x00000000000803da                PIO_SetOutput
 *fill*         0x00000000000803fe        0x2 
 .text.PIO_Configure
                0x0000000000080400       0x64 .//libraries/arduino_due/libsam_sam3x8e_gcc_rel.a(pio.o)
                0x0000000000080400                PIO_Configure
 .text.PIO_GetOutputDataStatus
                0x0000000000080464       0x14 .//libraries/arduino_due/libsam_sam3x8e_gcc_rel.a(pio.o)
                0x0000000000080464                PIO_GetOutputDataStatus
 .text.pmc_enable_upll_clock
                0x0000000000080478       0x14 .//libraries/arduino_due/libsam_sam3x8e_gcc_rel.a(pmc.o)
                0x0000000000080478                pmc_enable_upll_clock
 .text.pmc_enable_periph_clk
                0x000000000008048c       0x44 .//libraries/arduino_due/libsam_sam3x8e_gcc_rel.a(pmc.o)
                0x000000000008048c                pmc_enable_periph_clk
 .text.pmc_disable_periph_clk
                0x00000000000804d0       0x40 .//libraries/arduino_due/libsam_sam3x8e_gcc_rel.a(pmc.o)
                0x00000000000804d0                pmc_disable_periph_clk
 .text.pmc_switch_udpck_to_upllck
                0x0000000000080510       0x14 .//libraries/arduino_due/libsam_sam3x8e_gcc_rel.a(pmc.o)
                0x0000000000080510                pmc_switch_udpck_to_upllck
 .text.pmc_enable_udpck
                0x0000000000080524        0xc .//libraries/arduino_due/libsam_sam3x8e_gcc_rel.a(pmc.o)
                0x0000000000080524                pmc_enable_udpck
 .text.SystemInit
                0x0000000000080530       0x88 .//libraries/arduino_due/libsam_sam3x8e_gcc_rel.a(system_sam3xa.o)
                0x0000000000080530                SystemInit
 .text.Reset_Handler
                0x00000000000805b8       0x78 .//libraries/arduino_due/libsam_sam3x8e_gcc_rel.a(startup_sam3xa.o)
                0x00000000000805b8                Reset_Handler
 .text.adc_init
                0x0000000000080630       0x98 .//libraries/arduino_due/libsam_sam3x8e_gcc_rel.a(adc.o)
                0x0000000000080630                adc_init
 .text.adc_configure_trigger
                0x00000000000806c8        0xe .//libraries/arduino_due/libsam_sam3x8e_gcc_rel.a(adc.o)
                0x00000000000806c8                adc_configure_trigger
 .text.adc_configure_timing
                0x00000000000806d6       0x1a .//libraries/arduino_due/libsam_sam3x8e_gcc_rel.a(adc.o)
                0x00000000000806d6                adc_configure_timing
 .text.adc_disable_channel
                0x00000000000806f0        0xa .//libraries/arduino_due/libsam_sam3x8e_gcc_rel.a(adc.o)
                0x00000000000806f0                adc_disable_channel
 .text.adc_disable_all_channel
                0x00000000000806fa        0x8 .//libraries/arduino_due/libsam_sam3x8e_gcc_rel.a(adc.o)
                0x00000000000806fa                adc_disable_all_channel
 .text.adc_disable_interrupt
                0x0000000000080702        0x4 .//libraries/arduino_due/libsam_sam3x8e_gcc_rel.a(adc.o)
                0x0000000000080702                adc_disable_interrupt
 *fill*         0x0000000000080706        0x2 
 .text.UOTGHS_Handler
                0x0000000000080708       0x10 .//libraries/arduino_due/libsam_sam3x8e_gcc_rel.a(uotghs.o)
                0x0000000000080708                UOTGHS_Handler
 .text.analogOutputInit
                0x0000000000080718        0x2 /home/spy/Source/OS/OS/build/core.a(wiring_analog.c.o)
                0x0000000000080718                analogOutputInit
 .text.__halt   0x000000000008071a        0x2 /home/spy/Source/OS/OS/build/core.a(cortex_handlers.c.o)
                0x000000000008071a                DACC_Handler
                0x000000000008071a                DebugMon_Handler
                0x000000000008071a                DMAC_Handler
                0x000000000008071a                TRNG_Handler
                0x000000000008071a                HardFault_Handler
                0x000000000008071a                NMI_Handler
                0x000000000008071a                TC7_Handler
                0x000000000008071a                ADC_Handler
                0x000000000008071a                SMC_Handler
                0x000000000008071a                RTT_Handler
                0x000000000008071a                EFC1_Handler
                0x000000000008071a                RTC_Handler
                0x000000000008071a                UsageFault_Handler
                0x000000000008071a                TC6_Handler
                0x000000000008071a                WDT_Handler
                0x000000000008071a                CAN0_Handler
                0x000000000008071a                TC1_Handler
                0x000000000008071a                HSMCI_Handler
                0x000000000008071a                SSC_Handler
                0x000000000008071a                EFC0_Handler
                0x000000000008071a                PMC_Handler
                0x000000000008071a                PWM_Handler
                0x000000000008071a                CAN1_Handler
                0x000000000008071a                MemManage_Handler
                0x000000000008071a                SUPC_Handler
                0x000000000008071a                TC8_Handler
                0x000000000008071a                USART2_Handler
                0x000000000008071a                EMAC_Handler
                0x000000000008071a                BusFault_Handler
                0x000000000008071a                RSTC_Handler
                0x000000000008071a                SPI0_Handler
 .text.SVC_Handler
                0x000000000008071c        0x4 /home/spy/Source/OS/OS/build/core.a(cortex_handlers.c.o)
                0x000000000008071c                SVC_Handler
 .text.PendSV_Handler
                0x0000000000080720        0x4 /home/spy/Source/OS/OS/build/core.a(cortex_handlers.c.o)
                0x0000000000080720                PendSV_Handler
 .text.SysTick_Handler
                0x0000000000080724       0x16 /home/spy/Source/OS/OS/build/core.a(cortex_handlers.c.o)
                0x0000000000080724                SysTick_Handler
 .text.__empty  0x000000000008073a        0x2 /home/spy/Source/OS/OS/build/core.a(hooks.c.o)
                0x000000000008073a                yield
 .text.__false  0x000000000008073c        0x4 /home/spy/Source/OS/OS/build/core.a(hooks.c.o)
                0x000000000008073c                sysTickHook
 .text.__halt   0x0000000000080740        0x2 /home/spy/Source/OS/OS/build/core.a(hooks.c.o)
                0x0000000000080740                pendSVHook
                0x0000000000080740                svcHook
 *fill*         0x0000000000080742        0x2 
 .text._sbrk    0x0000000000080744       0x1c /home/spy/Source/OS/OS/build/core.a(syscalls_sam3.c.o)
                0x0000000000080744                _sbrk
 .text.link     0x0000000000080760        0x6 /home/spy/Source/OS/OS/build/core.a(syscalls_sam3.c.o)
                0x0000000000080760                link
 .text._close   0x0000000000080766        0x6 /home/spy/Source/OS/OS/build/core.a(syscalls_sam3.c.o)
                0x0000000000080766                _close
 .text._fstat   0x000000000008076c        0xa /home/spy/Source/OS/OS/build/core.a(syscalls_sam3.c.o)
                0x000000000008076c                _fstat
 .text._isatty  0x0000000000080776        0x4 /home/spy/Source/OS/OS/build/core.a(syscalls_sam3.c.o)
                0x0000000000080776                _isatty
 .text._lseek   0x000000000008077a        0x4 /home/spy/Source/OS/OS/build/core.a(syscalls_sam3.c.o)
                0x000000000008077a                _lseek
 .text._read    0x000000000008077e        0x4 /home/spy/Source/OS/OS/build/core.a(syscalls_sam3.c.o)
                0x000000000008077e                _read
 *fill*         0x0000000000080782        0x2 
 .text._write   0x0000000000080784       0x24 /home/spy/Source/OS/OS/build/core.a(syscalls_sam3.c.o)
                0x0000000000080784                _write
 .text._exit    0x00000000000807a8       0x10 /home/spy/Source/OS/OS/build/core.a(syscalls_sam3.c.o)
                0x00000000000807a8                _exit
 .text._kill    0x00000000000807b8        0x2 /home/spy/Source/OS/OS/build/core.a(syscalls_sam3.c.o)
                0x00000000000807b8                _kill
 .text._getpid  0x00000000000807ba        0x6 /home/spy/Source/OS/OS/build/core.a(syscalls_sam3.c.o)
                0x00000000000807ba                _getpid
 .text.pinMode  0x00000000000807c0       0xf4 /home/spy/Source/OS/OS/build/core.a(wiring_digital.c.o)
                0x00000000000807c0                pinMode
 .text.digitalWrite
                0x00000000000808b4       0x70 /home/spy/Source/OS/OS/build/core.a(wiring_digital.c.o)
                0x00000000000808b4                digitalWrite
 .text._ZN9UARTClasscvbEv
                0x0000000000080924        0x4 /home/spy/Source/OS/OS/build/core.a(USARTClass.cpp.o)
                0x0000000000080924                UARTClass::operator bool()
 .text._ZN10USARTClass5beginEm
                0x0000000000080928        0x8 /home/spy/Source/OS/OS/build/core.a(USARTClass.cpp.o)
                0x0000000000080928                USARTClass::begin(unsigned long)
 .text._ZN10USARTClassC2EP5Usart4IRQnmP10RingBufferS4_
                0x0000000000080930       0x24 /home/spy/Source/OS/OS/build/core.a(USARTClass.cpp.o)
                0x0000000000080930                USARTClass::USARTClass(Usart*, IRQn, unsigned long, RingBuffer*, RingBuffer*)
                0x0000000000080930                USARTClass::USARTClass(Usart*, IRQn, unsigned long, RingBuffer*, RingBuffer*)
 .text._ZN9UARTClass9availableEv
                0x0000000000080954       0x12 /home/spy/Source/OS/OS/build/core.a(UARTClass.cpp.o)
                0x0000000000080954                UARTClass::available()
 .text._ZN9UARTClass4peekEv
                0x0000000000080966       0x1c /home/spy/Source/OS/OS/build/core.a(UARTClass.cpp.o)
                0x0000000000080966                UARTClass::peek()
 .text._ZN9UARTClass4readEv
                0x0000000000080982       0x2a /home/spy/Source/OS/OS/build/core.a(UARTClass.cpp.o)
                0x0000000000080982                UARTClass::read()
 .text._ZN9UARTClass5flushEv
                0x00000000000809ac       0x18 /home/spy/Source/OS/OS/build/core.a(UARTClass.cpp.o)
                0x00000000000809ac                UARTClass::flush()
 .text._ZN9UARTClass5writeEh
                0x00000000000809c4       0x4a /home/spy/Source/OS/OS/build/core.a(UARTClass.cpp.o)
                0x00000000000809c4                UARTClass::write(unsigned char)
 *fill*         0x0000000000080a0e        0x2 
 .text._ZN9UARTClass3endEv
                0x0000000000080a10       0x3c /home/spy/Source/OS/OS/build/core.a(UARTClass.cpp.o)
                0x0000000000080a10                UARTClass::end()
 .text._ZN9UARTClassC2EP4Uart4IRQnmP10RingBufferS4_
                0x0000000000080a4c       0x24 /home/spy/Source/OS/OS/build/core.a(UARTClass.cpp.o)
                0x0000000000080a4c                UARTClass::UARTClass(Uart*, IRQn, unsigned long, RingBuffer*, RingBuffer*)
                0x0000000000080a4c                UARTClass::UARTClass(Uart*, IRQn, unsigned long, RingBuffer*, RingBuffer*)
 .text._ZN9UARTClass4initEmm
                0x0000000000080a70       0x70 /home/spy/Source/OS/OS/build/core.a(UARTClass.cpp.o)
                0x0000000000080a70                UARTClass::init(unsigned long, unsigned long)
 .text._ZN9UARTClass5beginEm
                0x0000000000080ae0        0x8 /home/spy/Source/OS/OS/build/core.a(UARTClass.cpp.o)
                0x0000000000080ae0                UARTClass::begin(unsigned long)
 .text._ZN9UARTClass10IrqHandlerEv
                0x0000000000080ae8       0x5a /home/spy/Source/OS/OS/build/core.a(UARTClass.cpp.o)
                0x0000000000080ae8                UARTClass::IrqHandler()
 .text._ZN7HIDBootILh1EE15SetReportParserEmP15HIDReportParser
                0x0000000000080b42        0x6 /home/spy/Source/OS/OS/build/core.a(main.cpp.o)
                0x0000000000080b42                HIDBoot<(unsigned char)1>::SetReportParser(unsigned long, HIDReportParser*)
 .text._ZN7HIDBootILh1EE10GetAddressEv
                0x0000000000080b48        0x4 /home/spy/Source/OS/OS/build/core.a(main.cpp.o)
                0x0000000000080b48                HIDBoot<(unsigned char)1>::GetAddress()
 .text._ZN7HIDBootILh1EE15GetReportParserEm
                0x0000000000080b4c        0x4 /home/spy/Source/OS/OS/build/core.a(main.cpp.o)
                0x0000000000080b4c                HIDBoot<(unsigned char)1>::GetReportParser(unsigned long)
 .text._ZN7HIDBootILh1EE7ReleaseEv
                0x0000000000080b50       0x28 /home/spy/Source/OS/OS/build/core.a(main.cpp.o)
                0x0000000000080b50                HIDBoot<(unsigned char)1>::Release()
 .text._ZN7HIDBootILh1EE4InitEmmm
                0x0000000000080b78      0x1b4 /home/spy/Source/OS/OS/build/core.a(main.cpp.o)
                0x0000000000080b78                HIDBoot<(unsigned char)1>::Init(unsigned long, unsigned long, unsigned long)
 .text._ZN7HIDBootILh1EE14EndpointXtractEmmmmPK23USB_ENDPOINT_DESCRIPTOR
                0x0000000000080d2c       0x62 /home/spy/Source/OS/OS/build/core.a(main.cpp.o)
                0x0000000000080d2c                HIDBoot<(unsigned char)1>::EndpointXtract(unsigned long, unsigned long, unsigned long, unsigned long, USB_ENDPOINT_DESCRIPTOR const*)
                0x0000000000080d88                non-virtual thunk to HIDBoot<(unsigned char)1>::EndpointXtract(unsigned long, unsigned long, unsigned long, unsigned long, USB_ENDPOINT_DESCRIPTOR const*)
 .text._ZN7HIDBootILh1EE4PollEv
                0x0000000000080d8e       0x58 /home/spy/Source/OS/OS/build/core.a(main.cpp.o)
                0x0000000000080d8e                HIDBoot<(unsigned char)1>::Poll()
 *fill*         0x0000000000080de6        0x2 
 .text._Z11keyReleasedv
                0x0000000000080de8       0x10 /home/spy/Source/OS/OS/build/core.a(main.cpp.o)
                0x0000000000080de8                keyReleased()
 .text.initVariant
                0x0000000000080df8        0x2 /home/spy/Source/OS/OS/build/core.a(main.cpp.o)
                0x0000000000080df8                initVariant
 .text.__cxa_pure_virtual
                0x0000000000080dfa        0x2 /home/spy/Source/OS/OS/build/core.a(main.cpp.o)
                0x0000000000080dfa                __cxa_pure_virtual
 .text._ZN16ConfigDescParserILh3ELh1ELh1ELh7EE15ParseDescriptorEPPhPm
                0x0000000000080dfc      0x162 /home/spy/Source/OS/OS/build/core.a(main.cpp.o)
                0x0000000000080dfc                ConfigDescParser<(unsigned char)3, (unsigned char)1, (unsigned char)1, (unsigned char)7>::ParseDescriptor(unsigned char**, unsigned long*)
 .text._ZN16ConfigDescParserILh3ELh1ELh1ELh7EE5ParseEmPKhRKm
                0x0000000000080f5e       0x1e /home/spy/Source/OS/OS/build/core.a(main.cpp.o)
                0x0000000000080f5e                ConfigDescParser<(unsigned char)3, (unsigned char)1, (unsigned char)1, (unsigned char)7>::Parse(unsigned long, unsigned char const*, unsigned long const&)
 .text.startup._GLOBAL__sub_I_down
                0x0000000000080f7c      0x108 /home/spy/Source/OS/OS/build/core.a(main.cpp.o)
 .text._Z5printct
                0x0000000000081084       0x70 /home/spy/Source/OS/OS/build/core.a(main.cpp.o)
                0x0000000000081084                print(char, unsigned short)
 .text._Z8printKeyv
                0x00000000000810f4       0xf0 /home/spy/Source/OS/OS/build/core.a(main.cpp.o)
                0x00000000000810f4                printKey()
 .text._Z10keyPressedv
                0x00000000000811e4       0x1c /home/spy/Source/OS/OS/build/core.a(main.cpp.o)
                0x00000000000811e4                keyPressed()
 .text.setup    0x0000000000081200       0x60 /home/spy/Source/OS/OS/build/core.a(main.cpp.o)
                0x0000000000081200                setup
 .text.startup.main
                0x0000000000081260       0x24 /home/spy/Source/OS/OS/build/core.a(main.cpp.o)
                0x0000000000081260                main
 .text._watchdogDefaultSetup
                0x0000000000081284        0xc /home/spy/Source/OS/OS/build/core.a(watchdog.cpp.o)
                0x0000000000081284                watchdogSetup()
                0x0000000000081284                _watchdogDefaultSetup
 .text._ZN10RingBufferC2Ev
                0x0000000000081290       0x1a /home/spy/Source/OS/OS/build/core.a(RingBuffer.cpp.o)
                0x0000000000081290                RingBuffer::RingBuffer()
                0x0000000000081290                RingBuffer::RingBuffer()
 .text._ZN10RingBuffer10store_charEh
                0x00000000000812aa       0x1e /home/spy/Source/OS/OS/build/core.a(RingBuffer.cpp.o)
                0x00000000000812aa                RingBuffer::store_char(unsigned char)
 .text.initiateReset
                0x00000000000812c8        0xc /home/spy/Source/OS/OS/build/core.a(Reset.cpp.o)
                0x00000000000812c8                initiateReset
 .text.cancelReset
                0x00000000000812d4       0x10 /home/spy/Source/OS/OS/build/core.a(Reset.cpp.o)
                0x00000000000812d4                cancelReset
 .text.tickReset
                0x00000000000812e4       0x20 /home/spy/Source/OS/OS/build/core.a(Reset.cpp.o)
                0x00000000000812e4                tickReset
 .text._ZN12VectorKalman13setParametersEPK12VectorDoubleS2_S2_
                0x0000000000081304       0x60 /home/spy/Source/OS/OS/build/core.a(AIDrone.cpp.o)
                0x0000000000081304                VectorKalman::setParameters(VectorDouble const*, VectorDouble const*, VectorDouble const*)
 .text._ZN6VectorI6KalmanEC2Ev
                0x0000000000081364       0x1c /home/spy/Source/OS/OS/build/core.a(AIDrone.cpp.o)
                0x0000000000081364                Vector<Kalman>::Vector()
                0x0000000000081364                Vector<Kalman>::Vector()
 .text._ZN5DroneC2Ev
                0x0000000000081380      0x304 /home/spy/Source/OS/OS/build/core.a(AIDrone.cpp.o)
                0x0000000000081380                Drone::Drone()
                0x0000000000081380                Drone::Drone()
 .text._ZN15Adafruit_L3GD20C2Ev
                0x0000000000081684        0xc /home/spy/Source/OS/OS/build/core.a(Adafruit_L3GD20.cpp.o)
                0x0000000000081684                Adafruit_L3GD20::Adafruit_L3GD20()
                0x0000000000081684                Adafruit_L3GD20::Adafruit_L3GD20()
 .text._ZN6KalmanC2Ev
                0x0000000000081690       0x58 /home/spy/Source/OS/OS/build/core.a(Kalman.cpp.o)
                0x0000000000081690                Kalman::Kalman()
                0x0000000000081690                Kalman::Kalman()
 .text._ZN6Kalman13setParametersEddd
                0x00000000000816e8       0x16 /home/spy/Source/OS/OS/build/core.a(Kalman.cpp.o)
                0x00000000000816e8                Kalman::setParameters(double, double, double)
 .text._ZN6LSM303C2Ev
                0x00000000000816fe       0x10 /home/spy/Source/OS/OS/build/core.a(LSM303.cpp.o)
                0x00000000000816fe                LSM303::LSM303()
                0x00000000000816fe                LSM303::LSM303()
 *fill*         0x000000000008170e        0x2 
 .text._ZL8_initISRP2Tcmm4IRQn
                0x0000000000081710       0x50 /home/spy/Source/OS/OS/build/core.a(Servo.cpp.o)
 .text._Z13Servo_Handler18timer16_Sequence_tP2Tch
                0x0000000000081760      0x100 /home/spy/Source/OS/OS/build/core.a(Servo.cpp.o)
                0x0000000000081760                Servo_Handler(timer16_Sequence_t, Tc*, unsigned char)
 .text.TC3_Handler
                0x0000000000081860       0x10 /home/spy/Source/OS/OS/build/core.a(Servo.cpp.o)
                0x0000000000081860                TC3_Handler
 .text.TC4_Handler
                0x0000000000081870       0x10 /home/spy/Source/OS/OS/build/core.a(Servo.cpp.o)
                0x0000000000081870                TC4_Handler
 .text.TC5_Handler
                0x0000000000081880       0x10 /home/spy/Source/OS/OS/build/core.a(Servo.cpp.o)
                0x0000000000081880                TC5_Handler
 .text.TC2_Handler
                0x0000000000081890       0x10 /home/spy/Source/OS/OS/build/core.a(Servo.cpp.o)
                0x0000000000081890                TC2_Handler
 .text.TC0_Handler
                0x00000000000818a0       0x10 /home/spy/Source/OS/OS/build/core.a(Servo.cpp.o)
                0x00000000000818a0                TC0_Handler
 .text._ZN5ServoC2Ev
                0x00000000000818b0       0x40 /home/spy/Source/OS/OS/build/core.a(Servo.cpp.o)
                0x00000000000818b0                Servo::Servo()
                0x00000000000818b0                Servo::Servo()
 .text._ZN5Servo6attachEiii
                0x00000000000818f0       0xb4 /home/spy/Source/OS/OS/build/core.a(Servo.cpp.o)
                0x00000000000818f0                Servo::attach(int, int, int)
 .text._ZN5Servo6attachEi
                0x00000000000819a4        0xc /home/spy/Source/OS/OS/build/core.a(Servo.cpp.o)
                0x00000000000819a4                Servo::attach(int)
 .text._ZN5Servo17writeMicrosecondsEi
                0x00000000000819b0       0x4c /home/spy/Source/OS/OS/build/core.a(Servo.cpp.o)
                0x00000000000819b0                Servo::writeMicroseconds(int)
 .text._ZN7TwoWire9availableEv
                0x00000000000819fc        0xc /home/spy/Source/OS/OS/build/core.a(Wire.cpp.o)
                0x00000000000819fc                TwoWire::available()
 .text._ZN7TwoWire4readEv
                0x0000000000081a08       0x1e /home/spy/Source/OS/OS/build/core.a(Wire.cpp.o)
                0x0000000000081a08                TwoWire::read()
 .text._ZN7TwoWire4peekEv
                0x0000000000081a26       0x16 /home/spy/Source/OS/OS/build/core.a(Wire.cpp.o)
                0x0000000000081a26                TwoWire::peek()
 .text._ZN7TwoWire5flushEv
                0x0000000000081a3c        0x2 /home/spy/Source/OS/OS/build/core.a(Wire.cpp.o)
                0x0000000000081a3c                TwoWire::flush()
 *fill*         0x0000000000081a3e        0x2 
 .text._ZL12Wire1_Deinitv
                0x0000000000081a40       0x18 /home/spy/Source/OS/OS/build/core.a(Wire.cpp.o)
 .text._ZL11Wire_Deinitv
                0x0000000000081a58       0x18 /home/spy/Source/OS/OS/build/core.a(Wire.cpp.o)
 .text._ZL10Wire1_Initv
                0x0000000000081a70       0x54 /home/spy/Source/OS/OS/build/core.a(Wire.cpp.o)
 .text._ZL9Wire_Initv
                0x0000000000081ac4       0x54 /home/spy/Source/OS/OS/build/core.a(Wire.cpp.o)
 .text._ZN7TwoWire5writeEh
                0x0000000000081b18       0x3a /home/spy/Source/OS/OS/build/core.a(Wire.cpp.o)
                0x0000000000081b18                TwoWire::write(unsigned char)
 .text._ZN7TwoWire5writeEPKhj
                0x0000000000081b52       0x50 /home/spy/Source/OS/OS/build/core.a(Wire.cpp.o)
                0x0000000000081b52                TwoWire::write(unsigned char const*, unsigned int)
 *fill*         0x0000000000081ba2        0x2 
 .text._ZN7TwoWireC2EP3TwiPFvvES3_
                0x0000000000081ba4       0x48 /home/spy/Source/OS/OS/build/core.a(Wire.cpp.o)
                0x0000000000081ba4                TwoWire::TwoWire(Twi*, void (*)(), void (*)())
                0x0000000000081ba4                TwoWire::TwoWire(Twi*, void (*)(), void (*)())
 .text._ZN7TwoWire9onServiceEv
                0x0000000000081bec      0x11e /home/spy/Source/OS/OS/build/core.a(Wire.cpp.o)
                0x0000000000081bec                TwoWire::onService()
 *fill*         0x0000000000081d0a        0x2 
 .text.TWI1_Handler
                0x0000000000081d0c        0xc /home/spy/Source/OS/OS/build/core.a(Wire.cpp.o)
                0x0000000000081d0c                TWI1_Handler
 .text.TWI0_Handler
                0x0000000000081d18        0xc /home/spy/Source/OS/OS/build/core.a(Wire.cpp.o)
                0x0000000000081d18                TWI0_Handler
 .text.startup._GLOBAL__sub_I__ZN7TwoWireC2EP3TwiPFvvES3_
                0x0000000000081d24       0x40 /home/spy/Source/OS/OS/build/core.a(Wire.cpp.o)
 .text._ZN15Adafruit_ST773511setRotationEh
                0x0000000000081d64       0xea /home/spy/Source/OS/OS/build/core.a(Adafruit_ST7735.cpp.o)
                0x0000000000081d64                Adafruit_ST7735::setRotation(unsigned char)
 *fill*         0x0000000000081e4e        0x2 
 .text._ZN15Adafruit_ST7735C2Eaaa
                0x0000000000081e50       0x20 /home/spy/Source/OS/OS/build/core.a(Adafruit_ST7735.cpp.o)
                0x0000000000081e50                Adafruit_ST7735::Adafruit_ST7735(signed char, signed char, signed char)
                0x0000000000081e50                Adafruit_ST7735::Adafruit_ST7735(signed char, signed char, signed char)
 .text._ZN12Adafruit_GFX9writeLineEsssst
                0x0000000000081e70       0xc0 /home/spy/Source/OS/OS/build/core.a(Adafruit_GFX.cpp.o)
                0x0000000000081e70                Adafruit_GFX::writeLine(short, short, short, short, unsigned short)
 .text._ZN12Adafruit_GFX10writePixelEsst
                0x0000000000081f30        0xc /home/spy/Source/OS/OS/build/core.a(Adafruit_GFX.cpp.o)
                0x0000000000081f30                Adafruit_GFX::writePixel(short, short, unsigned short)
 .text._ZN12Adafruit_GFX14writeFastVLineEssst
                0x0000000000081f3c       0x12 /home/spy/Source/OS/OS/build/core.a(Adafruit_GFX.cpp.o)
                0x0000000000081f3c                Adafruit_GFX::writeFastVLine(short, short, short, unsigned short)
 .text._ZN12Adafruit_GFX14writeFastHLineEssst
                0x0000000000081f4e       0x12 /home/spy/Source/OS/OS/build/core.a(Adafruit_GFX.cpp.o)
                0x0000000000081f4e                Adafruit_GFX::writeFastHLine(short, short, short, unsigned short)
 .text._ZN12Adafruit_GFX13writeFillRectEsssst
                0x0000000000081f60       0x18 /home/spy/Source/OS/OS/build/core.a(Adafruit_GFX.cpp.o)
                0x0000000000081f60                Adafruit_GFX::writeFillRect(short, short, short, short, unsigned short)
 .text._ZN12Adafruit_GFX8endWriteEv
                0x0000000000081f78        0x2 /home/spy/Source/OS/OS/build/core.a(Adafruit_GFX.cpp.o)
                0x0000000000081f78                Adafruit_GFX::endWrite()
                0x0000000000081f78                Adafruit_GFX::startWrite()
 .text._ZN12Adafruit_GFX13drawFastVLineEssst
                0x0000000000081f7a       0x3e /home/spy/Source/OS/OS/build/core.a(Adafruit_GFX.cpp.o)
                0x0000000000081f7a                Adafruit_GFX::drawFastVLine(short, short, short, unsigned short)
 .text._ZN12Adafruit_GFX13drawFastHLineEssst
                0x0000000000081fb8       0x3a /home/spy/Source/OS/OS/build/core.a(Adafruit_GFX.cpp.o)
                0x0000000000081fb8                Adafruit_GFX::drawFastHLine(short, short, short, unsigned short)
 .text._ZN12Adafruit_GFX8fillRectEsssst
                0x0000000000081ff2       0x46 /home/spy/Source/OS/OS/build/core.a(Adafruit_GFX.cpp.o)
                0x0000000000081ff2                Adafruit_GFX::fillRect(short, short, short, short, unsigned short)
 .text._ZN12Adafruit_GFX10fillScreenEt
                0x0000000000082038       0x1c /home/spy/Source/OS/OS/build/core.a(Adafruit_GFX.cpp.o)
                0x0000000000082038                Adafruit_GFX::fillScreen(unsigned short)
 .text._ZN12Adafruit_GFX8drawLineEsssst
                0x0000000000082054       0x80 /home/spy/Source/OS/OS/build/core.a(Adafruit_GFX.cpp.o)
                0x0000000000082054                Adafruit_GFX::drawLine(short, short, short, short, unsigned short)
 .text._ZN12Adafruit_GFX8drawRectEsssst
                0x00000000000820d4       0x78 /home/spy/Source/OS/OS/build/core.a(Adafruit_GFX.cpp.o)
                0x00000000000820d4                Adafruit_GFX::drawRect(short, short, short, short, unsigned short)
 .text._ZN12Adafruit_GFX13invertDisplayEb
                0x000000000008214c        0x2 /home/spy/Source/OS/OS/build/core.a(Adafruit_GFX.cpp.o)
                0x000000000008214c                Adafruit_GFX::invertDisplay(bool)
 .text._ZN12Adafruit_GFX11setRotationEh
                0x000000000008214e       0x1e /home/spy/Source/OS/OS/build/core.a(Adafruit_GFX.cpp.o)
                0x000000000008214e                Adafruit_GFX::setRotation(unsigned char)
 .text._ZN12Adafruit_GFXC2Ess
                0x000000000008216c       0x34 /home/spy/Source/OS/OS/build/core.a(Adafruit_GFX.cpp.o)
                0x000000000008216c                Adafruit_GFX::Adafruit_GFX(short, short)
                0x000000000008216c                Adafruit_GFX::Adafruit_GFX(short, short)
 .text._ZN12Adafruit_GFX8drawCharEsshtthh
                0x00000000000821a0      0x2a4 /home/spy/Source/OS/OS/build/core.a(Adafruit_GFX.cpp.o)
                0x00000000000821a0                Adafruit_GFX::drawChar(short, short, unsigned char, unsigned short, unsigned short, unsigned char, unsigned char)
 .text._ZN12Adafruit_GFX5writeEh
                0x0000000000082444       0xfe /home/spy/Source/OS/OS/build/core.a(Adafruit_GFX.cpp.o)
                0x0000000000082444                Adafruit_GFX::write(unsigned char)
 *fill*         0x0000000000082542        0x2 
 .text._ZN15Adafruit_ST77xx5beginEm
                0x0000000000082544       0x24 /home/spy/Source/OS/OS/build/core.a(Adafruit_ST77xx.cpp.o)
                0x0000000000082544                Adafruit_ST77xx::begin(unsigned long)
 .text._ZN15Adafruit_ST77xx13setAddrWindowEtttt
                0x0000000000082568       0x4e /home/spy/Source/OS/OS/build/core.a(Adafruit_ST77xx.cpp.o)
                0x0000000000082568                Adafruit_ST77xx::setAddrWindow(unsigned short, unsigned short, unsigned short, unsigned short)
 .text._ZN15Adafruit_ST77xx11setRotationEh
                0x00000000000825b6       0x4e /home/spy/Source/OS/OS/build/core.a(Adafruit_ST77xx.cpp.o)
                0x00000000000825b6                Adafruit_ST77xx::setRotation(unsigned char)
 .text._ZN15Adafruit_ST77xxC2Ettaaa
                0x0000000000082604       0x34 /home/spy/Source/OS/OS/build/core.a(Adafruit_ST77xx.cpp.o)
                0x0000000000082604                Adafruit_ST77xx::Adafruit_ST77xx(unsigned short, unsigned short, signed char, signed char, signed char)
                0x0000000000082604                Adafruit_ST77xx::Adafruit_ST77xx(unsigned short, unsigned short, signed char, signed char, signed char)
 .text._ZN15Adafruit_SPITFT12SPI_SCK_HIGHEv.isra.6
                0x0000000000082638        0x6 /home/spy/Source/OS/OS/build/core.a(Adafruit_SPITFT.cpp.o)
 .text._ZN15Adafruit_SPITFT11SPI_SCK_LOWEv.isra.7
                0x000000000008263e        0x6 /home/spy/Source/OS/OS/build/core.a(Adafruit_SPITFT.cpp.o)
 .text._ZN15Adafruit_SPITFT13TFT_WR_STROBEEv.isra.10
                0x0000000000082644       0x1c /home/spy/Source/OS/OS/build/core.a(Adafruit_SPITFT.cpp.o)
 .text._ZN8SPIClass8transferEh15SPITransferMode
                0x0000000000082660        0xa /home/spy/Source/OS/OS/build/core.a(Adafruit_SPITFT.cpp.o)
                0x0000000000082660                SPIClass::transfer(unsigned char, SPITransferMode)
 *fill*         0x000000000008266a        0x2 
 .text._ZN15Adafruit_SPITFTC2EttP8SPIClassaaa
                0x000000000008266c       0x48 /home/spy/Source/OS/OS/build/core.a(Adafruit_SPITFT.cpp.o)
                0x000000000008266c                Adafruit_SPITFT::Adafruit_SPITFT(unsigned short, unsigned short, SPIClass*, signed char, signed char, signed char)
                0x000000000008266c                Adafruit_SPITFT::Adafruit_SPITFT(unsigned short, unsigned short, SPIClass*, signed char, signed char, signed char)
 .text._ZN15Adafruit_SPITFTC2Ettaaa
                0x00000000000826b4       0x24 /home/spy/Source/OS/OS/build/core.a(Adafruit_SPITFT.cpp.o)
                0x00000000000826b4                Adafruit_SPITFT::Adafruit_SPITFT(unsigned short, unsigned short, signed char, signed char, signed char)
                0x00000000000826b4                Adafruit_SPITFT::Adafruit_SPITFT(unsigned short, unsigned short, signed char, signed char, signed char)
 .text._ZN15Adafruit_SPITFT7initSPIEmh
                0x00000000000826d8      0x14c /home/spy/Source/OS/OS/build/core.a(Adafruit_SPITFT.cpp.o)
                0x00000000000826d8                Adafruit_SPITFT::initSPI(unsigned long, unsigned char)
 .text._ZN15Adafruit_SPITFT10writeColorEtm
                0x0000000000082824       0x84 /home/spy/Source/OS/OS/build/core.a(Adafruit_SPITFT.cpp.o)
                0x0000000000082824                Adafruit_SPITFT::writeColor(unsigned short, unsigned long)
 .text._ZN15Adafruit_SPITFT23writeFillRectPreclippedEsssst
                0x00000000000828a8       0x34 /home/spy/Source/OS/OS/build/core.a(Adafruit_SPITFT.cpp.o)
                0x00000000000828a8                Adafruit_SPITFT::writeFillRectPreclipped(short, short, short, short, unsigned short)
 .text._ZN15Adafruit_SPITFT13writeFillRectEsssst
                0x00000000000828dc       0xa0 /home/spy/Source/OS/OS/build/core.a(Adafruit_SPITFT.cpp.o)
                0x00000000000828dc                Adafruit_SPITFT::writeFillRect(short, short, short, short, unsigned short)
 .text._ZN15Adafruit_SPITFT8fillRectEsssst
                0x000000000008297c       0xc4 /home/spy/Source/OS/OS/build/core.a(Adafruit_SPITFT.cpp.o)
                0x000000000008297c                Adafruit_SPITFT::fillRect(short, short, short, short, unsigned short)
 .text._ZN15Adafruit_SPITFT13drawFastHLineEssst
                0x0000000000082a40       0x80 /home/spy/Source/OS/OS/build/core.a(Adafruit_SPITFT.cpp.o)
                0x0000000000082a40                Adafruit_SPITFT::drawFastHLine(short, short, short, unsigned short)
 .text._ZN15Adafruit_SPITFT13drawFastVLineEssst
                0x0000000000082ac0       0x7c /home/spy/Source/OS/OS/build/core.a(Adafruit_SPITFT.cpp.o)
                0x0000000000082ac0                Adafruit_SPITFT::drawFastVLine(short, short, short, unsigned short)
 .text._ZN15Adafruit_SPITFT14writeFastHLineEssst
                0x0000000000082b3c       0x58 /home/spy/Source/OS/OS/build/core.a(Adafruit_SPITFT.cpp.o)
                0x0000000000082b3c                Adafruit_SPITFT::writeFastHLine(short, short, short, unsigned short)
 .text._ZN15Adafruit_SPITFT14writeFastVLineEssst
                0x0000000000082b94       0x58 /home/spy/Source/OS/OS/build/core.a(Adafruit_SPITFT.cpp.o)
                0x0000000000082b94                Adafruit_SPITFT::writeFastVLine(short, short, short, unsigned short)
 .text._ZN15Adafruit_SPITFT21SPI_BEGIN_TRANSACTIONEv
                0x0000000000082bec       0x22 /home/spy/Source/OS/OS/build/core.a(Adafruit_SPITFT.cpp.o)
                0x0000000000082bec                Adafruit_SPITFT::SPI_BEGIN_TRANSACTION()
 .text._ZN15Adafruit_SPITFT10startWriteEv
                0x0000000000082c0e       0x1c /home/spy/Source/OS/OS/build/core.a(Adafruit_SPITFT.cpp.o)
                0x0000000000082c0e                Adafruit_SPITFT::startWrite()
 .text._ZN15Adafruit_SPITFT19SPI_END_TRANSACTIONEv
                0x0000000000082c2a        0xe /home/spy/Source/OS/OS/build/core.a(Adafruit_SPITFT.cpp.o)
                0x0000000000082c2a                Adafruit_SPITFT::SPI_END_TRANSACTION()
 .text._ZN15Adafruit_SPITFT8endWriteEv
                0x0000000000082c38       0x1a /home/spy/Source/OS/OS/build/core.a(Adafruit_SPITFT.cpp.o)
                0x0000000000082c38                Adafruit_SPITFT::endWrite()
 .text._ZN15Adafruit_SPITFT8spiWriteEh
                0x0000000000082c52       0x56 /home/spy/Source/OS/OS/build/core.a(Adafruit_SPITFT.cpp.o)
                0x0000000000082c52                Adafruit_SPITFT::spiWrite(unsigned char)
 .text._ZN15Adafruit_SPITFT11sendCommandEhPhh
                0x0000000000082ca8       0x62 /home/spy/Source/OS/OS/build/core.a(Adafruit_SPITFT.cpp.o)
                0x0000000000082ca8                Adafruit_SPITFT::sendCommand(unsigned char, unsigned char*, unsigned char)
 .text._ZN15Adafruit_SPITFT12writeCommandEh
                0x0000000000082d0a       0x26 /home/spy/Source/OS/OS/build/core.a(Adafruit_SPITFT.cpp.o)
                0x0000000000082d0a                Adafruit_SPITFT::writeCommand(unsigned char)
 .text._ZN15Adafruit_SPITFT13invertDisplayEb
                0x0000000000082d30       0x2a /home/spy/Source/OS/OS/build/core.a(Adafruit_SPITFT.cpp.o)
                0x0000000000082d30                Adafruit_SPITFT::invertDisplay(bool)
 .text._ZN15Adafruit_SPITFT11SPI_WRITE16Et
                0x0000000000082d5a       0x62 /home/spy/Source/OS/OS/build/core.a(Adafruit_SPITFT.cpp.o)
                0x0000000000082d5a                Adafruit_SPITFT::SPI_WRITE16(unsigned short)
 .text._ZN15Adafruit_SPITFT10writePixelEsst
                0x0000000000082dbc       0x3e /home/spy/Source/OS/OS/build/core.a(Adafruit_SPITFT.cpp.o)
                0x0000000000082dbc                Adafruit_SPITFT::writePixel(short, short, unsigned short)
 .text._ZN15Adafruit_SPITFT9drawPixelEsst
                0x0000000000082dfa       0x56 /home/spy/Source/OS/OS/build/core.a(Adafruit_SPITFT.cpp.o)
                0x0000000000082dfa                Adafruit_SPITFT::drawPixel(short, short, unsigned short)
 .text._ZN15Adafruit_SPITFT11SPI_WRITE32Em
                0x0000000000082e50       0x76 /home/spy/Source/OS/OS/build/core.a(Adafruit_SPITFT.cpp.o)
                0x0000000000082e50                Adafruit_SPITFT::SPI_WRITE32(unsigned long)
 *fill*         0x0000000000082ec6        0x2 
 .text._ZN4myos3gui7DesktopC2Ellhhh
                0x0000000000082ec8       0x48 /home/spy/Source/OS/OS/build/core.a(desktop.cpp.o)
                0x0000000000082ec8                myos::gui::Desktop::Desktop(long, long, unsigned char, unsigned char, unsigned char)
                0x0000000000082ec8                myos::gui::Desktop::Desktop(long, long, unsigned char, unsigned char, unsigned char)
 .text._ZN4myos3gui7DesktopD2Ev
                0x0000000000082f10       0x14 /home/spy/Source/OS/OS/build/core.a(desktop.cpp.o)
                0x0000000000082f10                myos::gui::Desktop::~Desktop()
                0x0000000000082f10                myos::gui::Desktop::~Desktop()
 .text._ZN4myos3gui7Desktop4DrawEP15Adafruit_ST7735
                0x0000000000082f24       0x28 /home/spy/Source/OS/OS/build/core.a(desktop.cpp.o)
                0x0000000000082f24                myos::gui::Desktop::Draw(Adafruit_ST7735*)
 .text._ZN4myos3gui6Widget13ModelToScreenEll
                0x0000000000082f4c        0xc /home/spy/Source/OS/OS/build/core.a(widget.cpp.o)
                0x0000000000082f4c                myos::gui::Widget::ModelToScreen(long, long)
 .text._ZN4myos3gui6Widget4DrawEP15Adafruit_ST7735
                0x0000000000082f58       0x34 /home/spy/Source/OS/OS/build/core.a(widget.cpp.o)
                0x0000000000082f58                myos::gui::Widget::Draw(Adafruit_ST7735*)
 .text._ZN4myos3gui6Widget18ContainsCoordinateEll
                0x0000000000082f8c       0x28 /home/spy/Source/OS/OS/build/core.a(widget.cpp.o)
                0x0000000000082f8c                myos::gui::Widget::ContainsCoordinate(long, long)
 .text._ZN4myos3gui15CompositeWidget8GetFocusEPNS0_6WidgetE
                0x0000000000082fb4       0x14 /home/spy/Source/OS/OS/build/core.a(widget.cpp.o)
                0x0000000000082fb4                myos::gui::CompositeWidget::GetFocus(myos::gui::Widget*)
 .text._ZN4myos3gui15CompositeWidget8AddChildEPNS0_6WidgetE
                0x0000000000082fc8       0x1c /home/spy/Source/OS/OS/build/core.a(widget.cpp.o)
                0x0000000000082fc8                myos::gui::CompositeWidget::AddChild(myos::gui::Widget*)
 .text._ZN4myos3gui15CompositeWidget4DrawEP15Adafruit_ST7735
                0x0000000000082fe4       0x2c /home/spy/Source/OS/OS/build/core.a(widget.cpp.o)
                0x0000000000082fe4                myos::gui::CompositeWidget::Draw(Adafruit_ST7735*)
 .text._ZN4myos3gui15CompositeWidget11OnMouseDownEllh
                0x0000000000083010       0x56 /home/spy/Source/OS/OS/build/core.a(widget.cpp.o)
                0x0000000000083010                myos::gui::CompositeWidget::OnMouseDown(long, long, unsigned char)
 .text._ZN4myos3gui15CompositeWidget9OnMouseUpEllh
                0x0000000000083066       0x56 /home/spy/Source/OS/OS/build/core.a(widget.cpp.o)
                0x0000000000083066                myos::gui::CompositeWidget::OnMouseUp(long, long, unsigned char)
 .text._ZN4myos3gui15CompositeWidget11OnMouseMoveEllll
                0x00000000000830bc       0xb8 /home/spy/Source/OS/OS/build/core.a(widget.cpp.o)
                0x00000000000830bc                myos::gui::CompositeWidget::OnMouseMove(long, long, long, long)
 .text._ZN4myos3gui15CompositeWidget7OnKeyUpEc
                0x0000000000083174        0x2 /home/spy/Source/OS/OS/build/core.a(widget.cpp.o)
                0x0000000000083174                myos::gui::CompositeWidget::OnKeyUp(char)
                0x0000000000083174                myos::gui::CompositeWidget::OnKeyDown(char)
 *fill*         0x0000000000083176        0x2 
 .text._ZN4myos3gui15CompositeWidgetC2EPNS0_6WidgetEllllhhh
                0x0000000000083178       0x3c /home/spy/Source/OS/OS/build/core.a(widget.cpp.o)
                0x0000000000083178                myos::gui::CompositeWidget::CompositeWidget(myos::gui::Widget*, long, long, long, long, unsigned char, unsigned char, unsigned char)
                0x0000000000083178                myos::gui::CompositeWidget::CompositeWidget(myos::gui::Widget*, long, long, long, long, unsigned char, unsigned char, unsigned char)
 .text._ZN4myos3gui15CompositeWidgetD2Ev
                0x00000000000831b4        0x2 /home/spy/Source/OS/OS/build/core.a(widget.cpp.o)
                0x00000000000831b4                myos::gui::CompositeWidget::~CompositeWidget()
                0x00000000000831b4                myos::gui::CompositeWidget::~CompositeWidget()
 .text._ZN15AddressPoolImplILm16EE12AllocAddressEmmm
                0x00000000000831b6       0x6e /home/spy/Source/OS/OS/build/core.a(Usb.cpp.o)
                0x00000000000831b6                AddressPoolImpl<16ul>::AllocAddress(unsigned long, unsigned long, unsigned long)
 .text._ZN15AddressPoolImplILm16EE15GetUsbDevicePtrEm
                0x0000000000083224       0x2a /home/spy/Source/OS/OS/build/core.a(Usb.cpp.o)
                0x0000000000083224                AddressPoolImpl<16ul>::GetUsbDevicePtr(unsigned long)
 .text._ZN15AddressPoolImplILm16EE18FreeAddressByIndexEm.part.3
                0x000000000008324e       0x58 /home/spy/Source/OS/OS/build/core.a(Usb.cpp.o)
 .text._ZN15AddressPoolImplILm16EE11FreeAddressEm
                0x00000000000832a6       0x46 /home/spy/Source/OS/OS/build/core.a(Usb.cpp.o)
                0x00000000000832a6                AddressPoolImpl<16ul>::FreeAddress(unsigned long)
 .text._ZN7USBHostC2Ev
                0x00000000000832ec       0x4c /home/spy/Source/OS/OS/build/core.a(Usb.cpp.o)
                0x00000000000832ec                USBHost::USBHost()
                0x00000000000832ec                USBHost::USBHost()
 .text._ZN7USBHost14getEpInfoEntryEmm
                0x0000000000083338       0x28 /home/spy/Source/OS/OS/build/core.a(Usb.cpp.o)
                0x0000000000083338                USBHost::getEpInfoEntry(unsigned long, unsigned long)
 .text._ZN7USBHost14setEpInfoEntryEmmP6EpInfo
                0x0000000000083360       0x22 /home/spy/Source/OS/OS/build/core.a(Usb.cpp.o)
                0x0000000000083360                USBHost::setEpInfoEntry(unsigned long, unsigned long, EpInfo*)
 *fill*         0x0000000000083382        0x2 
 .text._ZN7USBHost14setPipeAddressEmmPP6EpInfoRm
                0x0000000000083384       0x74 /home/spy/Source/OS/OS/build/core.a(Usb.cpp.o)
                0x0000000000083384                USBHost::setPipeAddress(unsigned long, unsigned long, EpInfo**, unsigned long&)
 .text._ZN7USBHost11dispatchPktEmmm
                0x00000000000833f8       0x6e /home/spy/Source/OS/OS/build/core.a(Usb.cpp.o)
                0x00000000000833f8                USBHost::dispatchPkt(unsigned long, unsigned long, unsigned long)
 *fill*         0x0000000000083466        0x2 
 .text._ZN7USBHost10InTransferEP6EpInfomPmPh
                0x0000000000083468       0x80 /home/spy/Source/OS/OS/build/core.a(Usb.cpp.o)
                0x0000000000083468                USBHost::InTransfer(EpInfo*, unsigned long, unsigned long*, unsigned char*)
 .text._ZN7USBHost10inTransferEmmPmPh
                0x00000000000834e8       0x2e /home/spy/Source/OS/OS/build/core.a(Usb.cpp.o)
                0x00000000000834e8                USBHost::inTransfer(unsigned long, unsigned long, unsigned long*, unsigned char*)
 .text._ZN7USBHost11OutTransferEP6EpInfommPh
                0x0000000000083516       0x4e /home/spy/Source/OS/OS/build/core.a(Usb.cpp.o)
                0x0000000000083516                USBHost::OutTransfer(EpInfo*, unsigned long, unsigned long, unsigned char*)
 .text._ZN7USBHost7ctrlReqEmmhhhhttmPhP13USBReadParser
                0x0000000000083564      0x118 /home/spy/Source/OS/OS/build/core.a(Usb.cpp.o)
                0x0000000000083564                USBHost::ctrlReq(unsigned long, unsigned long, unsigned char, unsigned char, unsigned char, unsigned char, unsigned short, unsigned short, unsigned long, unsigned char*, USBReadParser*)
 .text._ZN7USBHost11getDevDescrEmmmPh
                0x000000000008367c       0x28 /home/spy/Source/OS/OS/build/core.a(Usb.cpp.o)
                0x000000000008367c                USBHost::getDevDescr(unsigned long, unsigned long, unsigned long, unsigned char*)
 .text._ZN7USBHost12getConfDescrEmmmmPh
                0x00000000000836a4       0x2c /home/spy/Source/OS/OS/build/core.a(Usb.cpp.o)
                0x00000000000836a4                USBHost::getConfDescr(unsigned long, unsigned long, unsigned long, unsigned long, unsigned char*)
 .text._ZN7USBHost12getConfDescrEmmmP13USBReadParser
                0x00000000000836d0       0x5a /home/spy/Source/OS/OS/build/core.a(Usb.cpp.o)
                0x00000000000836d0                USBHost::getConfDescr(unsigned long, unsigned long, unsigned long, USBReadParser*)
 .text._ZN7USBHost7setAddrEmmm
                0x000000000008372a       0x24 /home/spy/Source/OS/OS/build/core.a(Usb.cpp.o)
                0x000000000008372a                USBHost::setAddr(unsigned long, unsigned long, unsigned long)
 .text._ZN7USBHost7setConfEmmm
                0x000000000008374e       0x24 /home/spy/Source/OS/OS/build/core.a(Usb.cpp.o)
                0x000000000008374e                USBHost::setConf(unsigned long, unsigned long, unsigned long)
 .text._ZN18KeyboardController9OnKeyDownEhh
                0x0000000000083772       0x1a /home/spy/Source/OS/OS/build/core.a(KeyboardController.cpp.o)
                0x0000000000083772                KeyboardController::OnKeyDown(unsigned char, unsigned char)
 .text._ZN18KeyboardController7OnKeyUpEhh
                0x000000000008378c       0x1a /home/spy/Source/OS/OS/build/core.a(KeyboardController.cpp.o)
                0x000000000008378c                KeyboardController::OnKeyUp(unsigned char, unsigned char)
 .text._ZN20MultiByteValueParser5ParseEPPhPm
                0x00000000000837a6       0x3a /home/spy/Source/OS/OS/build/core.a(parsetools.cpp.o)
                0x00000000000837a6                MultiByteValueParser::Parse(unsigned char**, unsigned long*)
 .text._ZN3HID9SetReportEmmmmmPh
                0x00000000000837e0       0x36 /home/spy/Source/OS/OS/build/core.a(hid2.cpp.o)
                0x00000000000837e0                HID::SetReport(unsigned long, unsigned long, unsigned long, unsigned long, unsigned long, unsigned char*)
 .text._ZN3HID7SetIdleEmmm
                0x0000000000083816       0x2e /home/spy/Source/OS/OS/build/core.a(hid2.cpp.o)
                0x0000000000083816                HID::SetIdle(unsigned long, unsigned long, unsigned long)
 .text._ZN3HID11SetProtocolEmm
                0x0000000000083844       0x2c /home/spy/Source/OS/OS/build/core.a(hid2.cpp.o)
                0x0000000000083844                HID::SetProtocol(unsigned long, unsigned long)
 .text._ZN20KeyboardReportParser17HandleLockingKeysEP3HIDh
                0x0000000000083870       0x64 /home/spy/Source/OS/OS/build/core.a(hidboot.cpp.o)
                0x0000000000083870                KeyboardReportParser::HandleLockingKeys(HID*, unsigned char)
 .text._ZN20KeyboardReportParser5ParseEP3HIDbmPh
                0x00000000000838d4       0xa4 /home/spy/Source/OS/OS/build/core.a(hidboot.cpp.o)
                0x00000000000838d4                KeyboardReportParser::Parse(HID*, bool, unsigned long, unsigned char*)
 .text._ZN20KeyboardReportParser10OemToAsciiEhh
                0x0000000000083978       0xdc /home/spy/Source/OS/OS/build/core.a(hidboot.cpp.o)
                0x0000000000083978                KeyboardReportParser::OemToAscii(unsigned char, unsigned char)
 .text._ZN8PS2MouseC2Eiii
                0x0000000000083a54       0x12 /home/spy/Source/OS/OS/build/core.a(PS2Mouse.cpp.o)
                0x0000000000083a54                PS2Mouse::PS2Mouse(int, int, int)
                0x0000000000083a54                PS2Mouse::PS2Mouse(int, int, int)
 .text.millis   0x0000000000083a66        0x4 /home/spy/Source/OS/OS/build/core.a(wiring.c.o)
                0x0000000000083a66                millis
 .text.delay    0x0000000000083a6a       0x1c /home/spy/Source/OS/OS/build/core.a(wiring.c.o)
                0x0000000000083a6a                delay
 *fill*         0x0000000000083a86        0x2 
 .text.PIOA_Handler
                0x0000000000083a88       0x38 /home/spy/Source/OS/OS/build/core.a(WInterrupts.c.o)
                0x0000000000083a88                PIOA_Handler
 .text.PIOB_Handler
                0x0000000000083ac0       0x38 /home/spy/Source/OS/OS/build/core.a(WInterrupts.c.o)
                0x0000000000083ac0                PIOB_Handler
 .text.PIOC_Handler
                0x0000000000083af8       0x38 /home/spy/Source/OS/OS/build/core.a(WInterrupts.c.o)
                0x0000000000083af8                PIOC_Handler
 .text.PIOD_Handler
                0x0000000000083b30       0x38 /home/spy/Source/OS/OS/build/core.a(WInterrupts.c.o)
                0x0000000000083b30                PIOD_Handler
 .text._ZN5Print5writeEPKhj
                0x0000000000083b68       0x2c /home/spy/Source/OS/OS/build/core.a(Print.cpp.o)
                0x0000000000083b68                Print::write(unsigned char const*, unsigned int)
 .text._ZN5Print5writeEPKc
                0x0000000000083b94       0x20 /home/spy/Source/OS/OS/build/core.a(Print.cpp.o)
                0x0000000000083b94                Print::write(char const*)
 .text._ZN5Print5printEPKc
                0x0000000000083bb4        0x8 /home/spy/Source/OS/OS/build/core.a(Print.cpp.o)
                0x0000000000083bb4                Print::print(char const*)
 .text._ZN5Print5printEc
                0x0000000000083bbc        0x6 /home/spy/Source/OS/OS/build/core.a(Print.cpp.o)
                0x0000000000083bbc                Print::print(char)
 .text._ZN5Print11printNumberEmh
                0x0000000000083bc2       0x3e /home/spy/Source/OS/OS/build/core.a(Print.cpp.o)
                0x0000000000083bc2                Print::printNumber(unsigned long, unsigned char)
 .text._ZN5Print5printEli
                0x0000000000083c00       0x44 /home/spy/Source/OS/OS/build/core.a(Print.cpp.o)
                0x0000000000083c00                Print::print(long, int)
 .text._ZN5Print5printEii
                0x0000000000083c44        0x4 /home/spy/Source/OS/OS/build/core.a(Print.cpp.o)
                0x0000000000083c44                Print::print(int, int)
 .text._ZN5Print5printEmi
                0x0000000000083c48       0x16 /home/spy/Source/OS/OS/build/core.a(Print.cpp.o)
                0x0000000000083c48                Print::print(unsigned long, int)
 .text._ZN5Print5printEhi
                0x0000000000083c5e        0x4 /home/spy/Source/OS/OS/build/core.a(Print.cpp.o)
                0x0000000000083c5e                Print::print(unsigned char, int)
 .text._ZN6StringD2Ev
                0x0000000000083c62        0xe /home/spy/Source/OS/OS/build/core.a(WString.cpp.o)
                0x0000000000083c62                String::~String()
                0x0000000000083c62                String::~String()
 .text._ZN6String10invalidateEv
                0x0000000000083c70       0x16 /home/spy/Source/OS/OS/build/core.a(WString.cpp.o)
                0x0000000000083c70                String::invalidate()
 .text._ZN6String12changeBufferEj
                0x0000000000083c86       0x18 /home/spy/Source/OS/OS/build/core.a(WString.cpp.o)
                0x0000000000083c86                String::changeBuffer(unsigned int)
 .text._ZN6String7reserveEj
                0x0000000000083c9e       0x28 /home/spy/Source/OS/OS/build/core.a(WString.cpp.o)
                0x0000000000083c9e                String::reserve(unsigned int)
 .text._ZN6String4copyEPKcj
                0x0000000000083cc6       0x26 /home/spy/Source/OS/OS/build/core.a(WString.cpp.o)
                0x0000000000083cc6                String::copy(char const*, unsigned int)
 .text._ZN6StringC2EPKc
                0x0000000000083cec       0x24 /home/spy/Source/OS/OS/build/core.a(WString.cpp.o)
                0x0000000000083cec                String::String(char const*)
                0x0000000000083cec                String::String(char const*)
 .text.unlikely._ZL11USB_SendZlpv
                0x0000000000083d10       0x20 /home/spy/Source/OS/OS/build/core.a(USBCore.cpp.o)
 .text._Z14USBD_Availablem
                0x0000000000083d30       0x2c /home/spy/Source/OS/OS/build/core.a(USBCore.cpp.o)
                0x0000000000083d30                USBD_Available(unsigned long)
 .text._Z9USBD_RecvmPvm
                0x0000000000083d5c       0x78 /home/spy/Source/OS/OS/build/core.a(USBCore.cpp.o)
                0x0000000000083d5c                USBD_Recv(unsigned long, void*, unsigned long)
 .text._Z9USBD_Recvm
                0x0000000000083dd4       0x22 /home/spy/Source/OS/OS/build/core.a(USBCore.cpp.o)
                0x0000000000083dd4                USBD_Recv(unsigned long)
 *fill*         0x0000000000083df6        0x2 
 .text._Z9USBD_SendmPKvm
                0x0000000000083df8       0x4c /home/spy/Source/OS/OS/build/core.a(USBCore.cpp.o)
                0x0000000000083df8                USBD_Send(unsigned long, void const*, unsigned long)
 .text._Z16USBD_SendControlhPKvm
                0x0000000000083e44       0x40 /home/spy/Source/OS/OS/build/core.a(USBCore.cpp.o)
                0x0000000000083e44                USBD_SendControl(unsigned char, void const*, unsigned long)
 .text._ZL24USB_SendStringDescriptorPKhi
                0x0000000000083e84       0x64 /home/spy/Source/OS/OS/build/core.a(USBCore.cpp.o)
 .text._Z16USBD_RecvControlPvm
                0x0000000000083ee8       0x1c /home/spy/Source/OS/OS/build/core.a(USBCore.cpp.o)
                0x0000000000083ee8                USBD_RecvControl(void*, unsigned long)
 .text._Z26USBD_ClassInterfaceRequestR8USBSetup
                0x0000000000083f04       0x1e /home/spy/Source/OS/OS/build/core.a(USBCore.cpp.o)
                0x0000000000083f04                USBD_ClassInterfaceRequest(USBSetup&)
 .text._Z19USBD_SendInterfacesv
                0x0000000000083f22       0x22 /home/spy/Source/OS/OS/build/core.a(USBCore.cpp.o)
                0x0000000000083f22                USBD_SendInterfaces()
 .text._Z24USBD_SendOtherInterfacesv
                0x0000000000083f44       0x22 /home/spy/Source/OS/OS/build/core.a(USBCore.cpp.o)
                0x0000000000083f44                USBD_SendOtherInterfaces()
 .text._Z10USBD_Flushm
                0x0000000000083f66       0x16 /home/spy/Source/OS/OS/build/core.a(USBCore.cpp.o)
                0x0000000000083f66                USBD_Flush(unsigned long)
 .text._ZN10USBDevice_C2Ev
                0x0000000000083f7c       0x24 /home/spy/Source/OS/OS/build/core.a(USBCore.cpp.o)
                0x0000000000083f7c                USBDevice_::USBDevice_()
                0x0000000000083f7c                USBDevice_::USBDevice_()
 .text._ZN10USBDevice_6attachEv
                0x0000000000083fa0       0x20 /home/spy/Source/OS/OS/build/core.a(USBCore.cpp.o)
                0x0000000000083fa0                USBDevice_::attach()
 .text.startup._GLOBAL__sub_I_EndPoints
                0x0000000000083fc0        0xc /home/spy/Source/OS/OS/build/core.a(USBCore.cpp.o)
 .text._ZL7USB_ISRv
                0x0000000000083fcc      0x440 /home/spy/Source/OS/OS/build/core.a(USBCore.cpp.o)
 .text._ZN7Serial_9availableEv
                0x000000000008440c       0x18 /home/spy/Source/OS/OS/build/core.a(CDC.cpp.o)
                0x000000000008440c                Serial_::available()
 .text._ZN7Serial_17availableForWriteEv
                0x0000000000084424        0x6 /home/spy/Source/OS/OS/build/core.a(CDC.cpp.o)
                0x0000000000084424                Serial_::availableForWrite()
 *fill*         0x000000000008442a        0x2 
 .text._ZN7Serial_4peekEv
                0x000000000008442c       0x20 /home/spy/Source/OS/OS/build/core.a(CDC.cpp.o)
                0x000000000008442c                Serial_::peek()
 .text._ZN7Serial_5writeEh
                0x000000000008444c       0x16 /home/spy/Source/OS/OS/build/core.a(CDC.cpp.o)
                0x000000000008444c                Serial_::write(unsigned char)
 *fill*         0x0000000000084462        0x2 
 .text._ZN7Serial_4readEv
                0x0000000000084464       0x44 /home/spy/Source/OS/OS/build/core.a(CDC.cpp.o)
                0x0000000000084464                Serial_::read()
 .text._ZN7Serial_5flushEv
                0x00000000000844a8        0x6 /home/spy/Source/OS/OS/build/core.a(CDC.cpp.o)
                0x00000000000844a8                Serial_::flush()
 *fill*         0x00000000000844ae        0x2 
 .text._ZN7Serial_6acceptEv
                0x00000000000844b0       0x64 /home/spy/Source/OS/OS/build/core.a(CDC.cpp.o)
                0x00000000000844b0                Serial_::accept()
 .text._ZN7Serial_5writeEPKhj
                0x0000000000084514       0x20 /home/spy/Source/OS/OS/build/core.a(CDC.cpp.o)
                0x0000000000084514                Serial_::write(unsigned char const*, unsigned int)
 .text._Z16CDC_GetInterfacePh
                0x0000000000084534       0x14 /home/spy/Source/OS/OS/build/core.a(CDC.cpp.o)
                0x0000000000084534                CDC_GetInterface(unsigned char*)
 .text._Z21CDC_GetOtherInterfacePh
                0x0000000000084548       0x14 /home/spy/Source/OS/OS/build/core.a(CDC.cpp.o)
                0x0000000000084548                CDC_GetOtherInterface(unsigned char*)
 .text._Z9CDC_SetupR8USBSetup
                0x000000000008455c       0x6c /home/spy/Source/OS/OS/build/core.a(CDC.cpp.o)
                0x000000000008455c                CDC_Setup(USBSetup&)
 .text.startup._GLOBAL__sub_I_cdc_rx_buffer
                0x00000000000845c8       0x1c /home/spy/Source/OS/OS/build/core.a(CDC.cpp.o)
 .text._ZL10SPI_0_Initv
                0x00000000000845e4       0x48 /home/spy/Source/OS/OS/build/core.a(SPI.cpp.o)
 .text._ZN8SPIClass4initEv
                0x000000000008462c       0x36 /home/spy/Source/OS/OS/build/core.a(SPI.cpp.o)
                0x000000000008462c                SPIClass::init()
 *fill*         0x0000000000084662        0x2 
 .text._ZN8SPIClass16beginTransactionEh11SPISettings
                0x0000000000084664       0x94 /home/spy/Source/OS/OS/build/core.a(SPI.cpp.o)
                0x0000000000084664                SPIClass::beginTransaction(unsigned char, SPISettings)
 .text._ZN8SPIClass14endTransactionEv
                0x00000000000846f8       0x50 /home/spy/Source/OS/OS/build/core.a(SPI.cpp.o)
                0x00000000000846f8                SPIClass::endTransaction()
 .text._ZN8SPIClass11setDataModeEhh
                0x0000000000084748       0x34 /home/spy/Source/OS/OS/build/core.a(SPI.cpp.o)
                0x0000000000084748                SPIClass::setDataMode(unsigned char, unsigned char)
 .text._ZN8SPIClass15setClockDividerEhh
                0x000000000008477c       0x2e /home/spy/Source/OS/OS/build/core.a(SPI.cpp.o)
                0x000000000008477c                SPIClass::setClockDivider(unsigned char, unsigned char)
 .text._ZN8SPIClass5beginEv
                0x00000000000847aa       0x22 /home/spy/Source/OS/OS/build/core.a(SPI.cpp.o)
                0x00000000000847aa                SPIClass::begin()
 .text._ZN8SPIClass8transferEhh15SPITransferMode
                0x00000000000847cc       0x5e /home/spy/Source/OS/OS/build/core.a(SPI.cpp.o)
                0x00000000000847cc                SPIClass::transfer(unsigned char, unsigned char, SPITransferMode)
 *fill*         0x000000000008482a        0x2 
 .text.startup._GLOBAL__sub_I__ZN8SPIClassC2EP3SpimPFvvE
                0x000000000008482c       0x24 /home/spy/Source/OS/OS/build/core.a(SPI.cpp.o)
 .text._ZN13PluggableUSB_12getInterfaceEPh
                0x0000000000084850       0x26 /home/spy/Source/OS/OS/build/core.a(PluggableUSB.cpp.o)
                0x0000000000084850                PluggableUSB_::getInterface(unsigned char*)
 .text._ZN13PluggableUSB_13getDescriptorER8USBSetup
                0x0000000000084876       0x1c /home/spy/Source/OS/OS/build/core.a(PluggableUSB.cpp.o)
                0x0000000000084876                PluggableUSB_::getDescriptor(USBSetup&)
 .text._ZN13PluggableUSB_12getShortNameEPc
                0x0000000000084892       0x1c /home/spy/Source/OS/OS/build/core.a(PluggableUSB.cpp.o)
                0x0000000000084892                PluggableUSB_::getShortName(char*)
 .text._ZN13PluggableUSB_5setupER8USBSetup
                0x00000000000848ae       0x1c /home/spy/Source/OS/OS/build/core.a(PluggableUSB.cpp.o)
                0x00000000000848ae                PluggableUSB_::setup(USBSetup&)
 *fill*         0x00000000000848ca        0x2 
 .text._Z12PluggableUSBv
                0x00000000000848cc       0x28 /home/spy/Source/OS/OS/build/core.a(PluggableUSB.cpp.o)
                0x00000000000848cc                PluggableUSB()
 .text.SPI_Enable
                0x00000000000848f4        0x6 .//libraries/arduino_due/libsam_sam3x8e_gcc_rel.a(spi.o)
                0x00000000000848f4                SPI_Enable
 *fill*         0x00000000000848fa        0x2 
 .text.SPI_Configure
                0x00000000000848fc       0x20 .//libraries/arduino_due/libsam_sam3x8e_gcc_rel.a(spi.o)
                0x00000000000848fc                SPI_Configure
 .text.SPI_ConfigureNPCS
                0x000000000008491c        0x8 .//libraries/arduino_due/libsam_sam3x8e_gcc_rel.a(spi.o)
                0x000000000008491c                SPI_ConfigureNPCS
 .text.TC_Configure
                0x0000000000084924       0x38 .//libraries/arduino_due/libsam_sam3x8e_gcc_rel.a(tc.o)
                0x0000000000084924                TC_Configure
 .text.TC_Start
                0x000000000008495c       0x2c .//libraries/arduino_due/libsam_sam3x8e_gcc_rel.a(tc.o)
                0x000000000008495c                TC_Start
 .text.TC_SetRA
                0x0000000000084988        0x8 .//libraries/arduino_due/libsam_sam3x8e_gcc_rel.a(tc.o)
                0x0000000000084988                TC_SetRA
 .text.TimeTick_Increment
                0x0000000000084990       0x10 .//libraries/arduino_due/libsam_sam3x8e_gcc_rel.a(timetick.o)
                0x0000000000084990                TimeTick_Increment
 .text.GetTickCount
                0x00000000000849a0        0xc .//libraries/arduino_due/libsam_sam3x8e_gcc_rel.a(timetick.o)
                0x00000000000849a0                GetTickCount
 .text.TWI_ReadByte
                0x00000000000849ac       0x28 .//libraries/arduino_due/libsam_sam3x8e_gcc_rel.a(twi.o)
                0x00000000000849ac                TWI_ReadByte
 .text.TWI_WriteByte
                0x00000000000849d4       0x24 .//libraries/arduino_due/libsam_sam3x8e_gcc_rel.a(twi.o)
                0x00000000000849d4                TWI_WriteByte
 .text.TWI_EnableIt
                0x00000000000849f8       0x40 .//libraries/arduino_due/libsam_sam3x8e_gcc_rel.a(twi.o)
                0x00000000000849f8                TWI_EnableIt
 .text.TWI_DisableIt
                0x0000000000084a38       0x40 .//libraries/arduino_due/libsam_sam3x8e_gcc_rel.a(twi.o)
                0x0000000000084a38                TWI_DisableIt
 .text.TWI_GetStatus
                0x0000000000084a78       0x28 .//libraries/arduino_due/libsam_sam3x8e_gcc_rel.a(twi.o)
                0x0000000000084a78                TWI_GetStatus
 .text.WDT_Disable
                0x0000000000084aa0        0x8 .//libraries/arduino_due/libsam_sam3x8e_gcc_rel.a(wdt.o)
                0x0000000000084aa0                WDT_Disable
 .text.UDD_SetStack
                0x0000000000084aa8        0xc .//libraries/arduino_due/libsam_sam3x8e_gcc_rel.a(uotghs_device.o)
                0x0000000000084aa8                UDD_SetStack
 .text.UDD_Init
                0x0000000000084ab4       0xd0 .//libraries/arduino_due/libsam_sam3x8e_gcc_rel.a(uotghs_device.o)
                0x0000000000084ab4                UDD_Init
 .text.UDD_Attach
                0x0000000000084b84       0x50 .//libraries/arduino_due/libsam_sam3x8e_gcc_rel.a(uotghs_device.o)
                0x0000000000084b84                UDD_Attach
 .text.UDD_InitEP
                0x0000000000084bd4       0x2c .//libraries/arduino_due/libsam_sam3x8e_gcc_rel.a(uotghs_device.o)
                0x0000000000084bd4                UDD_InitEP
 .text.UDD_InitEndpoints
                0x0000000000084c00       0x3c .//libraries/arduino_due/libsam_sam3x8e_gcc_rel.a(uotghs_device.o)
                0x0000000000084c00                UDD_InitEndpoints
 .text.UDD_WaitIN
                0x0000000000084c3c       0x10 .//libraries/arduino_due/libsam_sam3x8e_gcc_rel.a(uotghs_device.o)
                0x0000000000084c3c                UDD_WaitIN
 .text.UDD_WaitOUT
                0x0000000000084c4c       0x10 .//libraries/arduino_due/libsam_sam3x8e_gcc_rel.a(uotghs_device.o)
                0x0000000000084c4c                UDD_WaitOUT
 .text.UDD_ClearIN
                0x0000000000084c5c       0x18 .//libraries/arduino_due/libsam_sam3x8e_gcc_rel.a(uotghs_device.o)
                0x0000000000084c5c                UDD_ClearIN
 .text.UDD_ClearOUT
                0x0000000000084c74       0x18 .//libraries/arduino_due/libsam_sam3x8e_gcc_rel.a(uotghs_device.o)
                0x0000000000084c74                UDD_ClearOUT
 .text.UDD_ReceivedSetupInt
                0x0000000000084c8c       0x10 .//libraries/arduino_due/libsam_sam3x8e_gcc_rel.a(uotghs_device.o)
                0x0000000000084c8c                UDD_ReceivedSetupInt
 .text.UDD_ClearSetupInt
                0x0000000000084c9c       0x10 .//libraries/arduino_due/libsam_sam3x8e_gcc_rel.a(uotghs_device.o)
                0x0000000000084c9c                UDD_ClearSetupInt
 .text.UDD_Send
                0x0000000000084cac       0x88 .//libraries/arduino_due/libsam_sam3x8e_gcc_rel.a(uotghs_device.o)
                0x0000000000084cac                UDD_Send
 .text.UDD_Send8
                0x0000000000084d34       0x24 .//libraries/arduino_due/libsam_sam3x8e_gcc_rel.a(uotghs_device.o)
                0x0000000000084d34                UDD_Send8
 .text.UDD_Recv8
                0x0000000000084d58       0x28 .//libraries/arduino_due/libsam_sam3x8e_gcc_rel.a(uotghs_device.o)
                0x0000000000084d58                UDD_Recv8
 .text.UDD_Recv
                0x0000000000084d80       0x34 .//libraries/arduino_due/libsam_sam3x8e_gcc_rel.a(uotghs_device.o)
                0x0000000000084d80                UDD_Recv
 .text.UDD_Stall
                0x0000000000084db4       0x14 .//libraries/arduino_due/libsam_sam3x8e_gcc_rel.a(uotghs_device.o)
                0x0000000000084db4                UDD_Stall
 .text.UDD_FifoByteCount
                0x0000000000084dc8       0x14 .//libraries/arduino_due/libsam_sam3x8e_gcc_rel.a(uotghs_device.o)
                0x0000000000084dc8                UDD_FifoByteCount
 .text.UDD_ReleaseRX
                0x0000000000084ddc       0x28 .//libraries/arduino_due/libsam_sam3x8e_gcc_rel.a(uotghs_device.o)
                0x0000000000084ddc                UDD_ReleaseRX
 .text.UDD_ReleaseTX
                0x0000000000084e04       0x28 .//libraries/arduino_due/libsam_sam3x8e_gcc_rel.a(uotghs_device.o)
                0x0000000000084e04                UDD_ReleaseTX
 .text.UDD_SetAddress
                0x0000000000084e2c       0x20 .//libraries/arduino_due/libsam_sam3x8e_gcc_rel.a(uotghs_device.o)
                0x0000000000084e2c                UDD_SetAddress
 .text.UHD_GetVBUSState
                0x0000000000084e4c        0xc .//libraries/arduino_due/libsam_sam3x8e_gcc_rel.a(uotghs_host.o)
                0x0000000000084e4c                UHD_GetVBUSState
 .text.UHD_Pipe0_Alloc
                0x0000000000084e58       0x90 .//libraries/arduino_due/libsam_sam3x8e_gcc_rel.a(uotghs_host.o)
                0x0000000000084e58                UHD_Pipe0_Alloc
 .text.UHD_Pipe_Alloc
                0x0000000000084ee8       0xe0 .//libraries/arduino_due/libsam_sam3x8e_gcc_rel.a(uotghs_host.o)
                0x0000000000084ee8                UHD_Pipe_Alloc
 .text.UHD_Pipe_Free
                0x0000000000084fc8       0x44 .//libraries/arduino_due/libsam_sam3x8e_gcc_rel.a(uotghs_host.o)
                0x0000000000084fc8                UHD_Pipe_Free
 .text.UHD_Pipe_Read
                0x000000000008500c       0x34 .//libraries/arduino_due/libsam_sam3x8e_gcc_rel.a(uotghs_host.o)
                0x000000000008500c                UHD_Pipe_Read
 .text.UHD_Pipe_Write
                0x0000000000085040       0x30 .//libraries/arduino_due/libsam_sam3x8e_gcc_rel.a(uotghs_host.o)
                0x0000000000085040                UHD_Pipe_Write
 .text.UHD_Pipe_Send
                0x0000000000085070       0x60 .//libraries/arduino_due/libsam_sam3x8e_gcc_rel.a(uotghs_host.o)
                0x0000000000085070                UHD_Pipe_Send
 .text.UHD_Pipe_Is_Transfer_Complete
                0x00000000000850d0       0x7c .//libraries/arduino_due/libsam_sam3x8e_gcc_rel.a(uotghs_host.o)
                0x00000000000850d0                UHD_Pipe_Is_Transfer_Complete
 .text.__aeabi_atexit
                0x000000000008514c        0xc /home/spy/Source/OS/OS/gcc-arm-none-eabi-6-2017-q2-update/bin/../lib/gcc/arm-none-eabi/6.3.1/../../../../arm-none-eabi/lib/thumb/v7-m/libg.a(lib_a-aeabi_atexit.o)
                0x000000000008514c                __aeabi_atexit
 .text.__assert_func
                0x0000000000085158       0x3c /home/spy/Source/OS/OS/gcc-arm-none-eabi-6-2017-q2-update/bin/../lib/gcc/arm-none-eabi/6.3.1/../../../../arm-none-eabi/lib/thumb/v7-m/libg.a(lib_a-assert.o)
                0x0000000000085158                __assert_func
 .text.__cxa_atexit
                0x0000000000085194        0xc /home/spy/Source/OS/OS/gcc-arm-none-eabi-6-2017-q2-update/bin/../lib/gcc/arm-none-eabi/6.3.1/../../../../arm-none-eabi/lib/thumb/v7-m/libg.a(lib_a-cxa_atexit.o)
                0x0000000000085194                __cxa_atexit
 .text.fiprintf
                0x00000000000851a0       0x28 /home/spy/Source/OS/OS/gcc-arm-none-eabi-6-2017-q2-update/bin/../lib/gcc/arm-none-eabi/6.3.1/../../../../arm-none-eabi/lib/thumb/v7-m/libg.a(lib_a-fiprintf.o)
                0x00000000000851a0                fiprintf
 .text.__libc_init_array
                0x00000000000851c8       0x50 /home/spy/Source/OS/OS/gcc-arm-none-eabi-6-2017-q2-update/bin/../lib/gcc/arm-none-eabi/6.3.1/../../../../arm-none-eabi/lib/thumb/v7-m/libg.a(lib_a-init.o)
                0x00000000000851c8                __libc_init_array
 .text.iprintf  0x0000000000085218       0x28 /home/spy/Source/OS/OS/gcc-arm-none-eabi-6-2017-q2-update/bin/../lib/gcc/arm-none-eabi/6.3.1/../../../../arm-none-eabi/lib/thumb/v7-m/libg.a(lib_a-iprintf.o)
                0x0000000000085218                iprintf
 .text.__locale_mb_cur_max
                0x0000000000085240       0x1c /home/spy/Source/OS/OS/gcc-arm-none-eabi-6-2017-q2-update/bin/../lib/gcc/arm-none-eabi/6.3.1/../../../../arm-none-eabi/lib/thumb/v7-m/libg.a(lib_a-locale.o)
                0x0000000000085240                __locale_mb_cur_max
 .text.malloc   0x000000000008525c       0x10 /home/spy/Source/OS/OS/gcc-arm-none-eabi-6-2017-q2-update/bin/../lib/gcc/arm-none-eabi/6.3.1/../../../../arm-none-eabi/lib/thumb/v7-m/libg.a(lib_a-malloc.o)
                0x000000000008525c                malloc
 .text.free     0x000000000008526c       0x10 /home/spy/Source/OS/OS/gcc-arm-none-eabi-6-2017-q2-update/bin/../lib/gcc/arm-none-eabi/6.3.1/../../../../arm-none-eabi/lib/thumb/v7-m/libg.a(lib_a-malloc.o)
                0x000000000008526c                free
 .text._malloc_r
                0x000000000008527c      0x544 /home/spy/Source/OS/OS/gcc-arm-none-eabi-6-2017-q2-update/bin/../lib/gcc/arm-none-eabi/6.3.1/../../../../arm-none-eabi/lib/thumb/v7-m/libg.a(lib_a-mallocr.o)
                0x000000000008527c                _malloc_r
 .text.__ascii_mbtowc
                0x00000000000857c0       0x2c /home/spy/Source/OS/OS/gcc-arm-none-eabi-6-2017-q2-update/bin/../lib/gcc/arm-none-eabi/6.3.1/../../../../arm-none-eabi/lib/thumb/v7-m/libg.a(lib_a-mbtowc_r.o)
                0x00000000000857c0                __ascii_mbtowc
 .text          0x00000000000857ec       0xec /home/spy/Source/OS/OS/gcc-arm-none-eabi-6-2017-q2-update/bin/../lib/gcc/arm-none-eabi/6.3.1/../../../../arm-none-eabi/lib/thumb/v7-m/libg.a(lib_a-memcpy.o)
                0x00000000000857ec                memcpy
 .text.memmove  0x00000000000858d8       0xc8 /home/spy/Source/OS/OS/gcc-arm-none-eabi-6-2017-q2-update/bin/../lib/gcc/arm-none-eabi/6.3.1/../../../../arm-none-eabi/lib/thumb/v7-m/libg.a(lib_a-memmove.o)
                0x00000000000858d8                memmove
 .text.memset   0x00000000000859a0       0x9c /home/spy/Source/OS/OS/gcc-arm-none-eabi-6-2017-q2-update/bin/../lib/gcc/arm-none-eabi/6.3.1/../../../../arm-none-eabi/lib/thumb/v7-m/libg.a(lib_a-memset.o)
                0x00000000000859a0                memset
 .text.__malloc_lock
                0x0000000000085a3c        0xc /home/spy/Source/OS/OS/gcc-arm-none-eabi-6-2017-q2-update/bin/../lib/gcc/arm-none-eabi/6.3.1/../../../../arm-none-eabi/lib/thumb/v7-m/libg.a(lib_a-mlock.o)
                0x0000000000085a3c                __malloc_lock
 .text.__malloc_unlock
                0x0000000000085a48        0xc /home/spy/Source/OS/OS/gcc-arm-none-eabi-6-2017-q2-update/bin/../lib/gcc/arm-none-eabi/6.3.1/../../../../arm-none-eabi/lib/thumb/v7-m/libg.a(lib_a-mlock.o)
                0x0000000000085a48                __malloc_unlock
 .text.realloc  0x0000000000085a54       0x10 /home/spy/Source/OS/OS/gcc-arm-none-eabi-6-2017-q2-update/bin/../lib/gcc/arm-none-eabi/6.3.1/../../../../arm-none-eabi/lib/thumb/v7-m/libg.a(lib_a-realloc.o)
                0x0000000000085a54                realloc
 .text._realloc_r
                0x0000000000085a64      0x36c /home/spy/Source/OS/OS/gcc-arm-none-eabi-6-2017-q2-update/bin/../lib/gcc/arm-none-eabi/6.3.1/../../../../arm-none-eabi/lib/thumb/v7-m/libg.a(lib_a-reallocr.o)
                0x0000000000085a64                _realloc_r
 .text._sbrk_r  0x0000000000085dd0       0x24 /home/spy/Source/OS/OS/gcc-arm-none-eabi-6-2017-q2-update/bin/../lib/gcc/arm-none-eabi/6.3.1/../../../../arm-none-eabi/lib/thumb/v7-m/libg.a(lib_a-sbrkr.o)
                0x0000000000085dd0                _sbrk_r
 .text.strcpy   0x0000000000085df4       0xbc /home/spy/Source/OS/OS/gcc-arm-none-eabi-6-2017-q2-update/bin/../lib/gcc/arm-none-eabi/6.3.1/../../../../arm-none-eabi/lib/thumb/v7-m/libg.a(lib_a-strcpy.o)
                0x0000000000085df4                strcpy
 .text.strlen   0x0000000000085eb0       0x5c /home/spy/Source/OS/OS/gcc-arm-none-eabi-6-2017-q2-update/bin/../lib/gcc/arm-none-eabi/6.3.1/../../../../arm-none-eabi/lib/thumb/v7-m/libg.a(lib_a-strlen-stub.o)
                0x0000000000085eb0                strlen
 .text.kill     0x0000000000085f0c       0x10 /home/spy/Source/OS/OS/gcc-arm-none-eabi-6-2017-q2-update/bin/../lib/gcc/arm-none-eabi/6.3.1/../../../../arm-none-eabi/lib/thumb/v7-m/libg.a(lib_a-syskill.o)
                0x0000000000085f0c                kill
 .text.__sprint_r.part.0
                0x0000000000085f1c       0x80 /home/spy/Source/OS/OS/gcc-arm-none-eabi-6-2017-q2-update/bin/../lib/gcc/arm-none-eabi/6.3.1/../../../../arm-none-eabi/lib/thumb/v7-m/libg.a(lib_a-vfiprintf.o)
 .text._vfiprintf_r
                0x0000000000085f9c      0xc88 /home/spy/Source/OS/OS/gcc-arm-none-eabi-6-2017-q2-update/bin/../lib/gcc/arm-none-eabi/6.3.1/../../../../arm-none-eabi/lib/thumb/v7-m/libg.a(lib_a-vfiprintf.o)
                0x0000000000085f9c                _vfiprintf_r
 .text.__sbprintf
                0x0000000000086c24       0x88 /home/spy/Source/OS/OS/gcc-arm-none-eabi-6-2017-q2-update/bin/../lib/gcc/arm-none-eabi/6.3.1/../../../../arm-none-eabi/lib/thumb/v7-m/libg.a(lib_a-vfiprintf.o)
 .text.__ascii_wctomb
                0x0000000000086cac       0x18 /home/spy/Source/OS/OS/gcc-arm-none-eabi-6-2017-q2-update/bin/../lib/gcc/arm-none-eabi/6.3.1/../../../../arm-none-eabi/lib/thumb/v7-m/libg.a(lib_a-wctomb_r.o)
                0x0000000000086cac                __ascii_wctomb
 .text.__swsetup_r
                0x0000000000086cc4       0xc8 /home/spy/Source/OS/OS/gcc-arm-none-eabi-6-2017-q2-update/bin/../lib/gcc/arm-none-eabi/6.3.1/../../../../arm-none-eabi/lib/thumb/v7-m/libg.a(lib_a-wsetup.o)
                0x0000000000086cc4                __swsetup_r
 .text.__register_exitproc
                0x0000000000086d8c       0xc4 /home/spy/Source/OS/OS/gcc-arm-none-eabi-6-2017-q2-update/bin/../lib/gcc/arm-none-eabi/6.3.1/../../../../arm-none-eabi/lib/thumb/v7-m/libg.a(lib_a-__atexit.o)
                0x0000000000086d8c                __register_exitproc
 .text.startup.register_fini
                0x0000000000086e50       0x14 /home/spy/Source/OS/OS/gcc-arm-none-eabi-6-2017-q2-update/bin/../lib/gcc/arm-none-eabi/6.3.1/../../../../arm-none-eabi/lib/thumb/v7-m/libg.a(lib_a-__call_atexit.o)
 .text.abort    0x0000000000086e64       0x10 /home/spy/Source/OS/OS/gcc-arm-none-eabi-6-2017-q2-update/bin/../lib/gcc/arm-none-eabi/6.3.1/../../../../arm-none-eabi/lib/thumb/v7-m/libg.a(lib_a-abort.o)
                0x0000000000086e64                abort
 .text.atexit   0x0000000000086e74        0xc /home/spy/Source/OS/OS/gcc-arm-none-eabi-6-2017-q2-update/bin/../lib/gcc/arm-none-eabi/6.3.1/../../../../arm-none-eabi/lib/thumb/v7-m/libg.a(lib_a-atexit.o)
                0x0000000000086e74                atexit
 .text.__sflush_r
                0x0000000000086e80      0x138 /home/spy/Source/OS/OS/gcc-arm-none-eabi-6-2017-q2-update/bin/../lib/gcc/arm-none-eabi/6.3.1/../../../../arm-none-eabi/lib/thumb/v7-m/libg.a(lib_a-fflush.o)
                0x0000000000086e80                __sflush_r
 .text._fflush_r
                0x0000000000086fb8       0x54 /home/spy/Source/OS/OS/gcc-arm-none-eabi-6-2017-q2-update/bin/../lib/gcc/arm-none-eabi/6.3.1/../../../../arm-none-eabi/lib/thumb/v7-m/libg.a(lib_a-fflush.o)
                0x0000000000086fb8                _fflush_r
 .text._cleanup_r
                0x000000000008700c        0xc /home/spy/Source/OS/OS/gcc-arm-none-eabi-6-2017-q2-update/bin/../lib/gcc/arm-none-eabi/6.3.1/../../../../arm-none-eabi/lib/thumb/v7-m/libg.a(lib_a-findfp.o)
                0x000000000008700c                _cleanup_r
 .text.std.isra.0
                0x0000000000087018       0x50 /home/spy/Source/OS/OS/gcc-arm-none-eabi-6-2017-q2-update/bin/../lib/gcc/arm-none-eabi/6.3.1/../../../../arm-none-eabi/lib/thumb/v7-m/libg.a(lib_a-findfp.o)
 .text.__sinit  0x0000000000087068       0x60 /home/spy/Source/OS/OS/gcc-arm-none-eabi-6-2017-q2-update/bin/../lib/gcc/arm-none-eabi/6.3.1/../../../../arm-none-eabi/lib/thumb/v7-m/libg.a(lib_a-findfp.o)
                0x0000000000087068                __sinit
 .text.__sfp_lock_acquire
                0x00000000000870c8        0xc /home/spy/Source/OS/OS/gcc-arm-none-eabi-6-2017-q2-update/bin/../lib/gcc/arm-none-eabi/6.3.1/../../../../arm-none-eabi/lib/thumb/v7-m/libg.a(lib_a-findfp.o)
                0x00000000000870c8                __sfp_lock_acquire
 .text.__sfp_lock_release
                0x00000000000870d4        0xc /home/spy/Source/OS/OS/gcc-arm-none-eabi-6-2017-q2-update/bin/../lib/gcc/arm-none-eabi/6.3.1/../../../../arm-none-eabi/lib/thumb/v7-m/libg.a(lib_a-findfp.o)
                0x00000000000870d4                __sfp_lock_release
 .text.__libc_fini_array
                0x00000000000870e0       0x34 /home/spy/Source/OS/OS/gcc-arm-none-eabi-6-2017-q2-update/bin/../lib/gcc/arm-none-eabi/6.3.1/../../../../arm-none-eabi/lib/thumb/v7-m/libg.a(lib_a-fini.o)
                0x00000000000870e0                __libc_fini_array
 .text.__fputwc
                0x0000000000087114       0x98 /home/spy/Source/OS/OS/gcc-arm-none-eabi-6-2017-q2-update/bin/../lib/gcc/arm-none-eabi/6.3.1/../../../../arm-none-eabi/lib/thumb/v7-m/libg.a(lib_a-fputwc.o)
                0x0000000000087114                __fputwc
 .text._fputwc_r
                0x00000000000871ac       0x68 /home/spy/Source/OS/OS/gcc-arm-none-eabi-6-2017-q2-update/bin/../lib/gcc/arm-none-eabi/6.3.1/../../../../arm-none-eabi/lib/thumb/v7-m/libg.a(lib_a-fputwc.o)
                0x00000000000871ac                _fputwc_r
 .text._malloc_trim_r
                0x0000000000087214       0xa0 /home/spy/Source/OS/OS/gcc-arm-none-eabi-6-2017-q2-update/bin/../lib/gcc/arm-none-eabi/6.3.1/../../../../arm-none-eabi/lib/thumb/v7-m/libg.a(lib_a-freer.o)
                0x0000000000087214                _malloc_trim_r
 .text._free_r  0x00000000000872b4      0x1cc /home/spy/Source/OS/OS/gcc-arm-none-eabi-6-2017-q2-update/bin/../lib/gcc/arm-none-eabi/6.3.1/../../../../arm-none-eabi/lib/thumb/v7-m/libg.a(lib_a-freer.o)
                0x00000000000872b4                _free_r
 .text.__sfvwrite_r
                0x0000000000087480      0x2f4 /home/spy/Source/OS/OS/gcc-arm-none-eabi-6-2017-q2-update/bin/../lib/gcc/arm-none-eabi/6.3.1/../../../../arm-none-eabi/lib/thumb/v7-m/libg.a(lib_a-fvwrite.o)
                0x0000000000087480                __sfvwrite_r
 .text._fwalk_reent
                0x0000000000087774       0x50 /home/spy/Source/OS/OS/gcc-arm-none-eabi-6-2017-q2-update/bin/../lib/gcc/arm-none-eabi/6.3.1/../../../../arm-none-eabi/lib/thumb/v7-m/libg.a(lib_a-fwalk.o)
                0x0000000000087774                _fwalk_reent
 .text.__retarget_lock_init_recursive
                0x00000000000877c4        0x4 /home/spy/Source/OS/OS/gcc-arm-none-eabi-6-2017-q2-update/bin/../lib/gcc/arm-none-eabi/6.3.1/../../../../arm-none-eabi/lib/thumb/v7-m/libg.a(lib_a-lock.o)
                0x00000000000877c4                __retarget_lock_init_recursive
 .text.__retarget_lock_close_recursive
                0x00000000000877c8        0x4 /home/spy/Source/OS/OS/gcc-arm-none-eabi-6-2017-q2-update/bin/../lib/gcc/arm-none-eabi/6.3.1/../../../../arm-none-eabi/lib/thumb/v7-m/libg.a(lib_a-lock.o)
                0x00000000000877c8                __retarget_lock_close_recursive
 .text.__retarget_lock_acquire_recursive
                0x00000000000877cc        0x4 /home/spy/Source/OS/OS/gcc-arm-none-eabi-6-2017-q2-update/bin/../lib/gcc/arm-none-eabi/6.3.1/../../../../arm-none-eabi/lib/thumb/v7-m/libg.a(lib_a-lock.o)
                0x00000000000877cc                __retarget_lock_acquire_recursive
 .text.__retarget_lock_release_recursive
                0x00000000000877d0        0x4 /home/spy/Source/OS/OS/gcc-arm-none-eabi-6-2017-q2-update/bin/../lib/gcc/arm-none-eabi/6.3.1/../../../../arm-none-eabi/lib/thumb/v7-m/libg.a(lib_a-lock.o)
                0x00000000000877d0                __retarget_lock_release_recursive
 .text.__swhatbuf_r
                0x00000000000877d4       0x5c /home/spy/Source/OS/OS/gcc-arm-none-eabi-6-2017-q2-update/bin/../lib/gcc/arm-none-eabi/6.3.1/../../../../arm-none-eabi/lib/thumb/v7-m/libg.a(lib_a-makebuf.o)
                0x00000000000877d4                __swhatbuf_r
 .text.__smakebuf_r
                0x0000000000087830       0x94 /home/spy/Source/OS/OS/gcc-arm-none-eabi-6-2017-q2-update/bin/../lib/gcc/arm-none-eabi/6.3.1/../../../../arm-none-eabi/lib/thumb/v7-m/libg.a(lib_a-makebuf.o)
                0x0000000000087830                __smakebuf_r
 .text.memchr   0x00000000000878c4       0x8c /home/spy/Source/OS/OS/gcc-arm-none-eabi-6-2017-q2-update/bin/../lib/gcc/arm-none-eabi/6.3.1/../../../../arm-none-eabi/lib/thumb/v7-m/libg.a(lib_a-memchr-stub.o)
                0x00000000000878c4                memchr
 .text._raise_r
                0x0000000000087950       0x60 /home/spy/Source/OS/OS/gcc-arm-none-eabi-6-2017-q2-update/bin/../lib/gcc/arm-none-eabi/6.3.1/../../../../arm-none-eabi/lib/thumb/v7-m/libg.a(lib_a-signal.o)
                0x0000000000087950                _raise_r
 .text.raise    0x00000000000879b0       0x10 /home/spy/Source/OS/OS/gcc-arm-none-eabi-6-2017-q2-update/bin/../lib/gcc/arm-none-eabi/6.3.1/../../../../arm-none-eabi/lib/thumb/v7-m/libg.a(lib_a-signal.o)
                0x00000000000879b0                raise
 .text._kill_r  0x00000000000879c0       0x28 /home/spy/Source/OS/OS/gcc-arm-none-eabi-6-2017-q2-update/bin/../lib/gcc/arm-none-eabi/6.3.1/../../../../arm-none-eabi/lib/thumb/v7-m/libg.a(lib_a-signalr.o)
                0x00000000000879c0                _kill_r
 .text._getpid_r
                0x00000000000879e8        0x4 /home/spy/Source/OS/OS/gcc-arm-none-eabi-6-2017-q2-update/bin/../lib/gcc/arm-none-eabi/6.3.1/../../../../arm-none-eabi/lib/thumb/v7-m/libg.a(lib_a-signalr.o)
                0x00000000000879e8                _getpid_r
 .text.__sread  0x00000000000879ec       0x24 /home/spy/Source/OS/OS/gcc-arm-none-eabi-6-2017-q2-update/bin/../lib/gcc/arm-none-eabi/6.3.1/../../../../arm-none-eabi/lib/thumb/v7-m/libg.a(lib_a-stdio.o)
                0x00000000000879ec                __sread
 .text.__swrite
                0x0000000000087a10       0x3c /home/spy/Source/OS/OS/gcc-arm-none-eabi-6-2017-q2-update/bin/../lib/gcc/arm-none-eabi/6.3.1/../../../../arm-none-eabi/lib/thumb/v7-m/libg.a(lib_a-stdio.o)
                0x0000000000087a10                __swrite
 .text.__sseek  0x0000000000087a4c       0x20 /home/spy/Source/OS/OS/gcc-arm-none-eabi-6-2017-q2-update/bin/../lib/gcc/arm-none-eabi/6.3.1/../../../../arm-none-eabi/lib/thumb/v7-m/libg.a(lib_a-stdio.o)
                0x0000000000087a4c                __sseek
 .text.__sclose
                0x0000000000087a6c        0x8 /home/spy/Source/OS/OS/gcc-arm-none-eabi-6-2017-q2-update/bin/../lib/gcc/arm-none-eabi/6.3.1/../../../../arm-none-eabi/lib/thumb/v7-m/libg.a(lib_a-stdio.o)
                0x0000000000087a6c                __sclose
 .text.__swbuf_r
                0x0000000000087a74       0xb0 /home/spy/Source/OS/OS/gcc-arm-none-eabi-6-2017-q2-update/bin/../lib/gcc/arm-none-eabi/6.3.1/../../../../arm-none-eabi/lib/thumb/v7-m/libg.a(lib_a-wbuf.o)
                0x0000000000087a74                __swbuf_r
 .text._wcrtomb_r
                0x0000000000087b24       0x54 /home/spy/Source/OS/OS/gcc-arm-none-eabi-6-2017-q2-update/bin/../lib/gcc/arm-none-eabi/6.3.1/../../../../arm-none-eabi/lib/thumb/v7-m/libg.a(lib_a-wcrtomb.o)
                0x0000000000087b24                _wcrtomb_r
 .text._write_r
                0x0000000000087b78       0x2c /home/spy/Source/OS/OS/gcc-arm-none-eabi-6-2017-q2-update/bin/../lib/gcc/arm-none-eabi/6.3.1/../../../../arm-none-eabi/lib/thumb/v7-m/libg.a(lib_a-writer.o)
                0x0000000000087b78                _write_r
 .text._close_r
                0x0000000000087ba4       0x24 /home/spy/Source/OS/OS/gcc-arm-none-eabi-6-2017-q2-update/bin/../lib/gcc/arm-none-eabi/6.3.1/../../../../arm-none-eabi/lib/thumb/v7-m/libg.a(lib_a-closer.o)
                0x0000000000087ba4                _close_r
 .text._fclose_r
                0x0000000000087bc8       0xc4 /home/spy/Source/OS/OS/gcc-arm-none-eabi-6-2017-q2-update/bin/../lib/gcc/arm-none-eabi/6.3.1/../../../../arm-none-eabi/lib/thumb/v7-m/libg.a(lib_a-fclose.o)
                0x0000000000087bc8                _fclose_r
 .text._fstat_r
                0x0000000000087c8c       0x28 /home/spy/Source/OS/OS/gcc-arm-none-eabi-6-2017-q2-update/bin/../lib/gcc/arm-none-eabi/6.3.1/../../../../arm-none-eabi/lib/thumb/v7-m/libg.a(lib_a-fstatr.o)
                0x0000000000087c8c                _fstat_r
 .text._isatty_r
                0x0000000000087cb4       0x24 /home/spy/Source/OS/OS/gcc-arm-none-eabi-6-2017-q2-update/bin/../lib/gcc/arm-none-eabi/6.3.1/../../../../arm-none-eabi/lib/thumb/v7-m/libg.a(lib_a-isattyr.o)
                0x0000000000087cb4                _isatty_r
 .text._lseek_r
                0x0000000000087cd8       0x2c /home/spy/Source/OS/OS/gcc-arm-none-eabi-6-2017-q2-update/bin/../lib/gcc/arm-none-eabi/6.3.1/../../../../arm-none-eabi/lib/thumb/v7-m/libg.a(lib_a-lseekr.o)
                0x0000000000087cd8                _lseek_r
 .text._read_r  0x0000000000087d04       0x2c /home/spy/Source/OS/OS/gcc-arm-none-eabi-6-2017-q2-update/bin/../lib/gcc/arm-none-eabi/6.3.1/../../../../arm-none-eabi/lib/thumb/v7-m/libg.a(lib_a-readr.o)
                0x0000000000087d04                _read_r
 .text          0x0000000000087d30       0x30 /home/spy/Source/OS/OS/gcc-arm-none-eabi-6-2017-q2-update/bin/../lib/gcc/arm-none-eabi/6.3.1/thumb/v7-m/libgcc.a(_aeabi_uldivmod.o)
                0x0000000000087d30                __aeabi_uldivmod
 .text          0x0000000000087d60      0x2dc /home/spy/Source/OS/OS/gcc-arm-none-eabi-6-2017-q2-update/bin/../lib/gcc/arm-none-eabi/6.3.1/thumb/v7-m/libgcc.a(_udivmoddi4.o)
                0x0000000000087d60                __udivmoddi4
 .text          0x000000000008803c        0x4 /home/spy/Source/OS/OS/gcc-arm-none-eabi-6-2017-q2-update/bin/../lib/gcc/arm-none-eabi/6.3.1/thumb/v7-m/libgcc.a(_dvmd_tls.o)
                0x000000000008803c                __aeabi_ldiv0
                0x000000000008803c                __aeabi_idiv0
 *(.glue_7t)
 .glue_7t       0x0000000000088040        0x0 linker stubs
 *(.glue_7)